Archive member included to satisfy reference by file (symbol)

/opt/st/stm32cubeide_1.18.0/plugins/com.st.stm32cube.ide.mcu.externaltools.gnu-tools-for-stm32.13.3.rel1.linux64_1.0.0.202410170706/tools/bin/../lib/gcc/arm-none-eabi/13.3.1/../../../../arm-none-eabi/lib/thumb/v7e-m+dp/hard/libc_nano.a(libc_a-exit.o)
                              /opt/st/stm32cubeide_1.18.0/plugins/com.st.stm32cube.ide.mcu.externaltools.gnu-tools-for-stm32.13.3.rel1.linux64_1.0.0.202410170706/tools/bin/../lib/gcc/arm-none-eabi/13.3.1/../../../../arm-none-eabi/lib/thumb/v7e-m+dp/hard/crt0.o (exit)
/opt/st/stm32cubeide_1.18.0/plugins/com.st.stm32cube.ide.mcu.externaltools.gnu-tools-for-stm32.13.3.rel1.linux64_1.0.0.202410170706/tools/bin/../lib/gcc/arm-none-eabi/13.3.1/../../../../arm-none-eabi/lib/thumb/v7e-m+dp/hard/libc_nano.a(libc_a-findfp.o)
                              /opt/st/stm32cubeide_1.18.0/plugins/com.st.stm32cube.ide.mcu.externaltools.gnu-tools-for-stm32.13.3.rel1.linux64_1.0.0.202410170706/tools/bin/../lib/gcc/arm-none-eabi/13.3.1/../../../../arm-none-eabi/lib/thumb/v7e-m+dp/hard/libc_nano.a(libc_a-exit.o) (__stdio_exit_handler)
/opt/st/stm32cubeide_1.18.0/plugins/com.st.stm32cube.ide.mcu.externaltools.gnu-tools-for-stm32.13.3.rel1.linux64_1.0.0.202410170706/tools/bin/../lib/gcc/arm-none-eabi/13.3.1/../../../../arm-none-eabi/lib/thumb/v7e-m+dp/hard/libc_nano.a(libc_a-fwalk.o)
                              /opt/st/stm32cubeide_1.18.0/plugins/com.st.stm32cube.ide.mcu.externaltools.gnu-tools-for-stm32.13.3.rel1.linux64_1.0.0.202410170706/tools/bin/../lib/gcc/arm-none-eabi/13.3.1/../../../../arm-none-eabi/lib/thumb/v7e-m+dp/hard/libc_nano.a(libc_a-findfp.o) (_fwalk_sglue)
/opt/st/stm32cubeide_1.18.0/plugins/com.st.stm32cube.ide.mcu.externaltools.gnu-tools-for-stm32.13.3.rel1.linux64_1.0.0.202410170706/tools/bin/../lib/gcc/arm-none-eabi/13.3.1/../../../../arm-none-eabi/lib/thumb/v7e-m+dp/hard/libc_nano.a(libc_a-snprintf.o)
                              ./manager/managers_behavior/sd_card_behavior.o (snprintf)
/opt/st/stm32cubeide_1.18.0/plugins/com.st.stm32cube.ide.mcu.externaltools.gnu-tools-for-stm32.13.3.rel1.linux64_1.0.0.202410170706/tools/bin/../lib/gcc/arm-none-eabi/13.3.1/../../../../arm-none-eabi/lib/thumb/v7e-m+dp/hard/libc_nano.a(libc_a-sprintf.o)
                              ./manager/managers_behavior/battery_behavior.o (sprintf)
/opt/st/stm32cubeide_1.18.0/plugins/com.st.stm32cube.ide.mcu.externaltools.gnu-tools-for-stm32.13.3.rel1.linux64_1.0.0.202410170706/tools/bin/../lib/gcc/arm-none-eabi/13.3.1/../../../../arm-none-eabi/lib/thumb/v7e-m+dp/hard/libc_nano.a(libc_a-sscanf.o)
                              ./manager/managers_behavior/cnss_behavior.o (sscanf)
/opt/st/stm32cubeide_1.18.0/plugins/com.st.stm32cube.ide.mcu.externaltools.gnu-tools-for-stm32.13.3.rel1.linux64_1.0.0.202410170706/tools/bin/../lib/gcc/arm-none-eabi/13.3.1/../../../../arm-none-eabi/lib/thumb/v7e-m+dp/hard/libc_nano.a(libc_a-stdio.o)
                              /opt/st/stm32cubeide_1.18.0/plugins/com.st.stm32cube.ide.mcu.externaltools.gnu-tools-for-stm32.13.3.rel1.linux64_1.0.0.202410170706/tools/bin/../lib/gcc/arm-none-eabi/13.3.1/../../../../arm-none-eabi/lib/thumb/v7e-m+dp/hard/libc_nano.a(libc_a-findfp.o) (__sread)
/opt/st/stm32cubeide_1.18.0/plugins/com.st.stm32cube.ide.mcu.externaltools.gnu-tools-for-stm32.13.3.rel1.linux64_1.0.0.202410170706/tools/bin/../lib/gcc/arm-none-eabi/13.3.1/../../../../arm-none-eabi/lib/thumb/v7e-m+dp/hard/libc_nano.a(libc_a-memset.o)
                              /opt/st/stm32cubeide_1.18.0/plugins/com.st.stm32cube.ide.mcu.externaltools.gnu-tools-for-stm32.13.3.rel1.linux64_1.0.0.202410170706/tools/bin/../lib/gcc/arm-none-eabi/13.3.1/../../../../arm-none-eabi/lib/thumb/v7e-m+dp/hard/crt0.o (memset)
/opt/st/stm32cubeide_1.18.0/plugins/com.st.stm32cube.ide.mcu.externaltools.gnu-tools-for-stm32.13.3.rel1.linux64_1.0.0.202410170706/tools/bin/../lib/gcc/arm-none-eabi/13.3.1/../../../../arm-none-eabi/lib/thumb/v7e-m+dp/hard/libc_nano.a(libc_a-strstr.o)
                              ./manager/at_commands_ST87M01.o (strstr)
/opt/st/stm32cubeide_1.18.0/plugins/com.st.stm32cube.ide.mcu.externaltools.gnu-tools-for-stm32.13.3.rel1.linux64_1.0.0.202410170706/tools/bin/../lib/gcc/arm-none-eabi/13.3.1/../../../../arm-none-eabi/lib/thumb/v7e-m+dp/hard/libc_nano.a(libc_a-closer.o)
                              /opt/st/stm32cubeide_1.18.0/plugins/com.st.stm32cube.ide.mcu.externaltools.gnu-tools-for-stm32.13.3.rel1.linux64_1.0.0.202410170706/tools/bin/../lib/gcc/arm-none-eabi/13.3.1/../../../../arm-none-eabi/lib/thumb/v7e-m+dp/hard/libc_nano.a(libc_a-stdio.o) (_close_r)
/opt/st/stm32cubeide_1.18.0/plugins/com.st.stm32cube.ide.mcu.externaltools.gnu-tools-for-stm32.13.3.rel1.linux64_1.0.0.202410170706/tools/bin/../lib/gcc/arm-none-eabi/13.3.1/../../../../arm-none-eabi/lib/thumb/v7e-m+dp/hard/libc_nano.a(libc_a-reent.o)
[...]
Memory Configuration

Name             Origin             Length             Attributes
RAM_D1           0x24000000         0x00080000         xrw
FLASH            0x08000000         0x00100000         xr
DTCMRAM          0x20000000         0x00020000         xrw
RAM_D2           0x30000000         0x00048000         xrw
RAM_D3           0x38000000         0x00010000         xrw
ITCMRAM          0x00000000         0x00010000         xrw
*default*        0x00000000         0xffffffff

Linker script and memory map

LOAD /opt/st/stm32cubeide_1.18.0/plugins/com.st.stm32cube.ide.mcu.externaltools.gnu-tools-for-stm32.13.3.rel1.linux64_1.0.0.202410170706/tools/bin/../lib/gcc/arm-none-eabi/13.3.1/thumb/v7e-m+dp/hard/crti.o
LOAD /opt/st/stm32cubeide_1.18.0/plugins/com.st.stm32cube.ide.mcu.externaltools.gnu-tools-for-stm32.13.3.rel1.linux64_1.0.0.202410170706/tools/bin/../lib/gcc/arm-none-eabi/13.3.1/thumb/v7e-m+dp/hard/crtbegin.o
LOAD /opt/st/stm32cubeide_1.18.0/plugins/com.st.stm32cube.ide.mcu.externaltools.gnu-tools-for-stm32.13.3.rel1.linux64_1.0.0.202410170706/tools/bin/../lib/gcc/arm-none-eabi/13.3.1/../../../../arm-none-eabi/lib/thumb/v7e-m+dp/hard/crt0.o
LOAD ./Common/Src/system_stm32h7xx_dualcore_boot_cm4_cm7.o
LOAD ./Core/Src/adc.o
LOAD ./Core/Src/gpio.o
LOAD ./Core/Src/i2c.o
LOAD ./Core/Src/main.o
LOAD ./Core/Src/memorymap.o
LOAD ./Core/Src/sdmmc.o
LOAD ./Core/Src/stm32h7xx_hal_msp.o
LOAD ./Core/Src/stm32h7xx_it.o
LOAD ./Core/Src/syscalls.o
LOAD ./Core/Src/sysmem.o
LOAD ./Core/Src/usart.o
LOAD ./Core/Startup/startup_stm32h755zitx.o
LOAD ./Drivers/STM32H7xx_HAL_Driver/stm32h7xx_hal.o
LOAD ./Drivers/STM32H7xx_HAL_Driver/stm32h7xx_hal_adc.o
LOAD ./Drivers/STM32H7xx_HAL_Driver/stm32h7xx_hal_adc_ex.o
LOAD ./Drivers/STM32H7xx_HAL_Driver/stm32h7xx_hal_cortex.o
LOAD ./Drivers/STM32H7xx_HAL_Driver/stm32h7xx_hal_dma.o
LOAD ./Drivers/STM32H7xx_HAL_Driver/stm32h7xx_hal_dma_ex.o
LOAD ./Drivers/STM32H7xx_HAL_Driver/stm32h7xx_hal_exti.o
LOAD ./Drivers/STM32H7xx_HAL_Driver/stm32h7xx_hal_flash.o
LOAD ./Drivers/STM32H7xx_HAL_Driver/stm32h7xx_hal_flash_ex.o
LOAD ./Drivers/STM32H7xx_HAL_Driver/stm32h7xx_hal_gpio.o
LOAD ./Drivers/STM32H7xx_HAL_Driver/stm32h7xx_hal_hsem.o
LOAD ./Drivers/STM32H7xx_HAL_Driver/stm32h7xx_hal_i2c.o
LOAD ./Drivers/STM32H7xx_HAL_Driver/stm32h7xx_hal_i2c_ex.o
LOAD ./Drivers/STM32H7xx_HAL_Driver/stm32h7xx_hal_mdma.o
LOAD ./Drivers/STM32H7xx_HAL_Driver/stm32h7xx_hal_mmc.o
LOAD ./Drivers/STM32H7xx_HAL_Driver/stm32h7xx_hal_mmc_ex.o
LOAD ./Drivers/STM32H7xx_HAL_Driver/stm32h7xx_hal_pwr.o
LOAD ./Drivers/STM32H7xx_HAL_Driver/stm32h7xx_hal_pwr_ex.o
LOAD ./Drivers/STM32H7xx_HAL_Driver/stm32h7xx_hal_rcc.o
LOAD ./Drivers/STM32H7xx_HAL_Driver/stm32h7xx_hal_rcc_ex.o
LOAD ./Drivers/STM32H7xx_HAL_Driver/stm32h7xx_hal_sd.o
LOAD ./Drivers/STM32H7xx_HAL_Driver/stm32h7xx_hal_sd_ex.o
LOAD ./Drivers/STM32H7xx_HAL_Driver/stm32h7xx_hal_uart.o
LOAD ./Drivers/STM32H7xx_HAL_Driver/stm32h7xx_hal_uart_ex.o
LOAD ./Drivers/STM32H7xx_HAL_Driver/stm32h7xx_ll_delayblock.o
LOAD ./Drivers/STM32H7xx_HAL_Driver/stm32h7xx_ll_sdmmc.o
LOAD ./FATFS/App/fatfs.o
LOAD ./FATFS/Target/bsp_driver_sd.o
LOAD ./FATFS/Target/sd_diskio.o
LOAD ./Middlewares/Third_Party/FatFs/diskio.o
LOAD ./Middlewares/Third_Party/FatFs/ff.o
LOAD ./Middlewares/Third_Party/FatFs/ff_gen_drv.o
LOAD ./Middlewares/Third_Party/FatFs/syscall.o
LOAD ./manager/at_commands_ST87M01.o
LOAD ./manager/manager.o
LOAD ./manager/package.o
LOAD ./manager/managers_behavior/battery_behavior.o
LOAD ./manager/managers_behavior/cnss_behavior.o
LOAD ./manager/managers_behavior/imu_behavior.o
LOAD ./manager/managers_behavior/nb_iot_behavior.o
LOAD ./manager/managers_behavior/sd_card_behavior.o
LOAD ./manager/managers_behavior/temperature_behavior.o
LOAD ./manager/managers_behavior/temp_sensor/delay.o
LOAD ./manager/managers_behavior/temp_sensor/ds18b20.o
START GROUP
LOAD /opt/st/stm32cubeide_1.18.0/plugins/com.st.stm32cube.ide.mcu.externaltools.gnu-tools-for-stm32.13.3.rel1.linux64_1.0.0.202410170706/tools/bin/../lib/gcc/arm-none-eabi/13.3.1/../../../../arm-none-eabi/lib/thumb/v7e-m+dp/hard/libc_nano.a
LOAD /opt/st/stm32cubeide_1.18.0/plugins/com.st.stm32cube.ide.mcu.externaltools.gnu-tools-for-stm32.13.3.rel1.linux64_1.0.0.202410170706/tools/bin/../lib/gcc/arm-none-eabi/13.3.1/../../../../arm-none-eabi/lib/thumb/v7e-m+dp/hard/libm.a
END GROUP
START GROUP
LOAD /opt/st/stm32cubeide_1.18.0/plugins/com.st.stm32cube.ide.mcu.externaltools.gnu-tools-for-stm32.13.3.rel1.linux64_1.0.0.202410170706/tools/bin/../lib/gcc/arm-none-eabi/13.3.1/thumb/v7e-m+dp/hard/libgcc.a
LOAD /opt/st/stm32cubeide_1.18.0/plugins/com.st.stm32cube.ide.mcu.externaltools.gnu-tools-for-stm32.13.3.rel1.linux64_1.0.0.202410170706/tools/bin/../lib/gcc/arm-none-eabi/13.3.1/../../../../arm-none-eabi/lib/thumb/v7e-m+dp/hard/libc_nano.a
END GROUP
START GROUP
LOAD /opt/st/stm32cubeide_1.18.0/plugins/com.st.stm32cube.ide.mcu.externaltools.gnu-tools-for-stm32.13.3.rel1.linux64_1.0.0.202410170706/tools/bin/../lib/gcc/arm-none-eabi/13.3.1/thumb/v7e-m+dp/hard/libgcc.a
LOAD /opt/st/stm32cubeide_1.18.0/plugins/com.st.stm32cube.ide.mcu.externaltools.gnu-tools-for-stm32.13.3.rel1.linux64_1.0.0.202410170706/tools/bin/../lib/gcc/arm-none-eabi/13.3.1/../../../../arm-none-eabi/lib/thumb/v7e-m+dp/hard/libc_nano.a
LOAD /opt/st/stm32cubeide_1.18.0/plugins/com.st.stm32cube.ide.mcu.externaltools.gnu-tools-for-stm32.13.3.rel1.linux64_1.0.0.202410170706/tools/bin/../lib/gcc/arm-none-eabi/13.3.1/../../../../arm-none-eabi/lib/thumb/v7e-m+dp/hard/libnosys.a
END GROUP
START GROUP
LOAD /opt/st/stm32cubeide_1.18.0/plugins/com.st.stm32cube.ide.mcu.externaltools.gnu-tools-for-stm32.13.3.rel1.linux64_1.0.0.202410170706/tools/bin/../lib/gcc/arm-none-eabi/13.3.1/thumb/v7e-m+dp/hard/libgcc.a
LOAD /opt/st/stm32cubeide_1.18.0/plugins/com.st.stm32cube.ide.mcu.externaltools.gnu-tools-for-stm32.13.3.rel1.linux64_1.0.0.202410170706/tools/bin/../lib/gcc/arm-none-eabi/13.3.1/../../../../arm-none-eabi/lib/thumb/v7e-m+dp/hard/libc_nano.a
LOAD /opt/st/stm32cubeide_1.18.0/plugins/com.st.stm32cube.ide.mcu.externaltools.gnu-tools-for-stm32.13.3.rel1.linux64_1.0.0.202410170706/tools/bin/../lib/gcc/arm-none-eabi/13.3.1/../../../../arm-none-eabi/lib/thumb/v7e-m+dp/hard/libnosys.a
END GROUP
LOAD /opt/st/stm32cubeide_1.18.0/plugins/com.st.stm32cube.ide.mcu.externaltools.gnu-tools-for-stm32.13.3.rel1.linux64_1.0.0.202410170706/tools/bin/../lib/gcc/arm-none-eabi/13.3.1/thumb/v7e-m+dp/hard/crtend.o
LOAD /opt/st/stm32cubeide_1.18.0/plugins/com.st.stm32cube.ide.mcu.externaltools.gnu-tools-for-stm32.13.3.rel1.linux64_1.0.0.202410170706/tools/bin/../lib/gcc/arm-none-eabi/13.3.1/thumb/v7e-m+dp/hard/crtn.o
                0x24080000                        _estack = (ORIGIN (RAM_D1) + LENGTH (RAM_D1))
                0x00000200                        _Min_Heap_Size = 0x200
                0x00000400                        _Min_Stack_Size = 0x400

.isr_vector     0x08000000      0x298
                0x08000000                        . = ALIGN (0x4)
 *(.isr_vector)
 .isr_vector    0x08000000      0x298 ./Core/Startup/startup_stm32h755zitx.o
                0x08000000                g_pfnVectors
                0x08000298                        . = ALIGN (0x4)

.text           0x080002a0     0xcc88
                0x080002a0                        . = ALIGN (0x4)
 *(.text)
 .text          0x080002a0       0x40 /opt/st/stm32cubeide_1.18.0/plugins/com.st.stm32cube.ide.mcu.externaltools.gnu-tools-for-stm32.13.3.rel1.linux64_1.0.0.202410170706/tools/bin/../lib/gcc/arm-none-eabi/13.3.1/thumb/v7e-m+dp/hard/crtbegin.o
 .text          0x080002e0       0x10 /opt/st/stm32cubeide_1.18.0/plugins/com.st.stm32cube.ide.mcu.externaltools.gnu-tools-for-stm32.13.3.rel1.linux64_1.0.0.202410170706/tools/bin/../lib/gcc/arm-none-eabi/13.3.1/../../../../arm-none-eabi/lib/thumb/v7e-m+dp/hard/libc_nano.a(libc_a-strlen.o)
                0x080002e0                strlen
 .text          0x080002f0       0xa0 /opt/st/stm32cubeide_1.18.0/plugins/com.st.stm32cube.ide.mcu.externaltools.gnu-tools-for-stm32.13.3.rel1.linux64_1.0.0.202410170706/tools/bin/../lib/gcc/arm-none-eabi/13.3.1/../../../../arm-none-eabi/lib/thumb/v7e-m+dp/hard/libc_nano.a(libc_a-memchr.o)
                0x080002f0                memchr
 .text          0x08000390       0x30 /opt/st/stm32cubeide_1.18.0/plugins/com.st.stm32cube.ide.mcu.externaltools.gnu-tools-for-stm32.13.3.rel1.linux64_1.0.0.202410170706/tools/bin/../lib/gcc/arm-none-eabi/13.3.1/thumb/v7e-m+dp/hard/libgcc.a(_aeabi_uldivmod.o)
                0x08000390                __aeabi_uldivmod
 .text          0x080003c0      0x2f8 /opt/st/stm32cubeide_1.18.0/plugins/com.st.stm32cube.ide.mcu.externaltools.gnu-tools-for-stm32.13.3.rel1.linux64_1.0.0.202410170706/tools/bin/../lib/gcc/arm-none-eabi/13.3.1/thumb/v7e-m+dp/hard/libgcc.a(_udivmoddi4.o)
                0x080003c0                __udivmoddi4
 .text          0x080006b8        0x4 /opt/st/stm32cubeide_1.18.0/plugins/com.st.stm32cube.ide.mcu.externaltools.gnu-tools-for-stm32.13.3.rel1.linux64_1.0.0.202410170706/tools/bin/../lib/gcc/arm-none-eabi/13.3.1/thumb/v7e-m+dp/hard/libgcc.a(_dvmd_tls.o)
                0x080006b8                __aeabi_ldiv0
                0x080006b8                __aeabi_idiv0
 *(.text*)
 .text.SystemInit
                0x080006bc      0x15c ./Common/Src/system_stm32h7xx_dualcore_boot_cm4_cm7.o
                0x080006bc                SystemInit
 .text.ExitRun0Mode
                0x08000818       0x30 ./Common/Src/system_stm32h7xx_dualcore_boot_cm4_cm7.o
                0x08000818                ExitRun0Mode
 .text.MX_ADC1_Init
                0x08000848       0xf8 ./Core/Src/adc.o
                0x08000848                MX_ADC1_Init
 .text.HAL_ADC_MspInit
                0x08000940       0xe4 ./Core/Src/adc.o
                0x08000940                HAL_ADC_MspInit
 .text.MX_GPIO_Init
                0x08000a24       0xc0 ./Core/Src/gpio.o
                0x08000a24                MX_GPIO_Init
 .text.MX_I2C1_Init
                0x08000ae4       0x80 ./Core/Src/i2c.o
                0x08000ae4                MX_I2C1_Init
 .text.HAL_I2C_MspInit
                0x08000b64       0xe4 ./Core/Src/i2c.o
                0x08000b64                HAL_I2C_MspInit
 .text.main     0x08000c48       0x8c ./Core/Src/main.o
                0x08000c48                main
 .text.SystemClock_Config
                0x08000cd4       0xfc ./Core/Src/main.o
                0x08000cd4                SystemClock_Config
 .text.Error_Handler
                0x08000dd0       0x24 ./Core/Src/main.o
                0x08000dd0                Error_Handler
 .text.MX_SDMMC1_SD_Init
                0x08000df4       0x44 ./Core/Src/sdmmc.o
                0x08000df4                MX_SDMMC1_SD_Init
 .text.HAL_SD_MspInit
                0x08000e38      0x15c ./Core/Src/sdmmc.o
                0x08000e38                HAL_SD_MspInit
 .text.HAL_MspInit
                0x08000f94       0x34 ./Core/Src/stm32h7xx_hal_msp.o
                0x08000f94                HAL_MspInit
 .text.NMI_Handler
                0x08000fc8        0x8 ./Core/Src/stm32h7xx_it.o
                0x08000fc8                NMI_Handler
 .text.HardFault_Handler
                0x08000fd0        0x8 ./Core/Src/stm32h7xx_it.o
                0x08000fd0                HardFault_Handler
 .text.MemManage_Handler
                0x08000fd8        0x8 ./Core/Src/stm32h7xx_it.o
                0x08000fd8                MemManage_Handler
 .text.BusFault_Handler
                0x08000fe0        0x8 ./Core/Src/stm32h7xx_it.o
                0x08000fe0                BusFault_Handler
 .text.UsageFault_Handler
                0x08000fe8        0x8 ./Core/Src/stm32h7xx_it.o
                0x08000fe8                UsageFault_Handler
 .text.SVC_Handler
                0x08000ff0        0xe ./Core/Src/stm32h7xx_it.o
                0x08000ff0                SVC_Handler
 .text.DebugMon_Handler
                0x08000ffe        0xe ./Core/Src/stm32h7xx_it.o
                0x08000ffe                DebugMon_Handler
 .text.PendSV_Handler
                0x0800100c        0xe ./Core/Src/stm32h7xx_it.o
                0x0800100c                PendSV_Handler
 *fill*         0x0800101a        0x2 
 .text.SysTick_Handler
                0x0800101c       0x24 ./Core/Src/stm32h7xx_it.o
                0x0800101c                SysTick_Handler
 .text.I2C1_EV_IRQHandler
                0x08001040       0x14 ./Core/Src/stm32h7xx_it.o
                0x08001040                I2C1_EV_IRQHandler
 .text.USART1_IRQHandler
                0x08001054       0x14 ./Core/Src/stm32h7xx_it.o
                0x08001054                USART1_IRQHandler
 .text.USART3_IRQHandler
                0x08001068       0x14 ./Core/Src/stm32h7xx_it.o
                0x08001068                USART3_IRQHandler
 .text.SDMMC1_IRQHandler
                0x0800107c       0x14 ./Core/Src/stm32h7xx_it.o
                0x0800107c                SDMMC1_IRQHandler
 .text._sbrk    0x08001090       0x6c ./Core/Src/sysmem.o
                0x08001090                _sbrk
 .text.MX_USART1_UART_Init
                0x080010fc       0x98 ./Core/Src/usart.o
                0x080010fc                MX_USART1_UART_Init
 .text.MX_USART3_UART_Init
                0x08001194       0x98 ./Core/Src/usart.o
                0x08001194                MX_USART3_UART_Init
 .text.HAL_UART_MspInit
                0x0800122c      0x1c0 ./Core/Src/usart.o
                0x0800122c                HAL_UART_MspInit
 .text.Reset_Handler
                0x080013ec       0x54 ./Core/Startup/startup_stm32h755zitx.o
                0x080013ec                Reset_Handler
 .text.Default_Handler
                0x08001440        0x2 ./Core/Startup/startup_stm32h755zitx.o
                0x08001440                RTC_Alarm_IRQHandler
                0x08001440                HASH_RNG_IRQHandler
                0x08001440                EXTI2_IRQHandler
                0x08001440                TIM8_CC_IRQHandler
                0x08001440                HRTIM1_Master_IRQHandler
                0x08001440                UART8_IRQHandler
                0x08001440                SPI4_IRQHandler
                0x08001440                TIM1_CC_IRQHandler
                0x08001440                BDMA_Channel6_IRQHandler
                0x08001440                DMA2_Stream5_IRQHandler
                0x08001440                HRTIM1_FLT_IRQHandler
                0x08001440                JPEG_IRQHandler
                0x08001440                DMA1_Stream5_IRQHandler
                0x08001440                BDMA_Channel1_IRQHandler
                0x08001440                HRTIM1_TIMD_IRQHandler
                0x08001440                TAMP_STAMP_IRQHandler
                0x08001440                EXTI3_IRQHandler
                0x08001440                LPTIM4_IRQHandler
                0x08001440                TIM8_TRG_COM_TIM14_IRQHandler
                0x08001440                LPTIM2_IRQHandler
                0x08001440                DFSDM1_FLT1_IRQHandler
                0x08001440                DMAMUX2_OVR_IRQHandler
                0x08001440                TIM8_UP_TIM13_IRQHandler
                0x08001440                I2C3_ER_IRQHandler
                0x08001440                DFSDM1_FLT2_IRQHandler
                0x08001440                MDMA_IRQHandler
                0x08001440                LPTIM3_IRQHandler
                0x08001440                HSEM1_IRQHandler
                0x08001440                EXTI0_IRQHandler
                0x08001440                I2C2_EV_IRQHandler
                0x08001440                DMA1_Stream2_IRQHandler
                0x08001440                FPU_IRQHandler
                0x08001440                OTG_HS_WKUP_IRQHandler
                0x08001440                FDCAN1_IT1_IRQHandler
                0x08001440                LTDC_ER_IRQHandler
                0x08001440                DMA2_Stream2_IRQHandler
                0x08001440                HRTIM1_TIME_IRQHandler
                0x08001440                SPI1_IRQHandler
                0x08001440                TIM6_DAC_IRQHandler
                0x08001440                DCMI_IRQHandler
                0x08001440                HRTIM1_TIMC_IRQHandler
                0x08001440                DMA2_Stream3_IRQHandler
                0x08001440                SAI2_IRQHandler
                0x08001440                DFSDM1_FLT3_IRQHandler
                0x08001440                USART6_IRQHandler
                0x08001440                TIM17_IRQHandler
                0x08001440                BDMA_Channel7_IRQHandler
                0x08001440                CRYP_IRQHandler
                0x08001440                LPTIM5_IRQHandler
                0x08001440                UART5_IRQHandler
                0x08001440                ADC3_IRQHandler
                0x08001440                DMA2_Stream0_IRQHandler
                0x08001440                TIM4_IRQHandler
                0x08001440                BDMA_Channel2_IRQHandler
                0x08001440                QUADSPI_IRQHandler
                0x08001440                DMA1_Stream6_IRQHandler
                0x08001440                DMAMUX1_OVR_IRQHandler
                0x08001440                DMA1_Stream1_IRQHandler
                0x08001440                TIM16_IRQHandler
                0x08001440                UART4_IRQHandler
                0x08001440                BDMA_Channel5_IRQHandler
                0x08001440                TIM3_IRQHandler
                0x08001440                RCC_IRQHandler
                0x08001440                TIM8_BRK_TIM12_IRQHandler
                0x08001440                TIM1_TRG_COM_IRQHandler
                0x08001440                Default_Handler
                0x08001440                ECC_IRQHandler
                0x08001440                CEC_IRQHandler
                0x08001440                EXTI15_10_IRQHandler
                0x08001440                BDMA_Channel0_IRQHandler
                0x08001440                ADC_IRQHandler
                0x08001440                DMA1_Stream7_IRQHandler
                0x08001440                HRTIM1_TIMA_IRQHandler
                0x08001440                SPI5_IRQHandler
                0x08001440                TIM7_IRQHandler
                0x08001440                TIM5_IRQHandler
                0x08001440                DMA2_Stream7_IRQHandler
                0x08001440                TIM15_IRQHandler
                0x08001440                PVD_AVD_IRQHandler
                0x08001440                I2C3_EV_IRQHandler
                0x08001440                EXTI9_5_IRQHandler
                0x08001440                RTC_WKUP_IRQHandler
                0x08001440                LTDC_IRQHandler
                0x08001440                SAI3_IRQHandler
                0x08001440                ETH_WKUP_IRQHandler
                0x08001440                SPDIF_RX_IRQHandler
                0x08001440                SPI2_IRQHandler
                0x08001440                OTG_HS_EP1_IN_IRQHandler
                0x08001440                DMA1_Stream0_IRQHandler
                0x08001440                CRS_IRQHandler
                0x08001440                CM7_SEV_IRQHandler
                0x08001440                EXTI4_IRQHandler
                0x08001440                CM4_SEV_IRQHandler
                0x08001440                HRTIM1_TIMB_IRQHandler
                0x08001440                FDCAN2_IT1_IRQHandler
                0x08001440                ETH_IRQHandler
                0x08001440                TIM1_UP_IRQHandler
                0x08001440                WWDG_RST_IRQHandler
                0x08001440                BDMA_Channel4_IRQHandler
                0x08001440                OTG_HS_EP1_OUT_IRQHandler
                0x08001440                WWDG_IRQHandler
                0x08001440                SPI6_IRQHandler
                0x08001440                MDIOS_IRQHandler
                0x08001440                I2C4_EV_IRQHandler
                0x08001440                FDCAN2_IT0_IRQHandler
                0x08001440                LPUART1_IRQHandler
                0x08001440                FDCAN1_IT0_IRQHandler
                0x08001440                TIM2_IRQHandler
                0x08001440                OTG_FS_WKUP_IRQHandler
                0x08001440                OTG_HS_IRQHandler
                0x08001440                HSEM2_IRQHandler
                0x08001440                DMA2D_IRQHandler
                0x08001440                TIM1_BRK_IRQHandler
                0x08001440                EXTI1_IRQHandler
                0x08001440                SDMMC2_IRQHandler
                0x08001440                OTG_FS_EP1_OUT_IRQHandler
                0x08001440                BDMA_Channel3_IRQHandler
                0x08001440                HOLD_CORE_IRQHandler
                0x08001440                UART7_IRQHandler
                0x08001440                MDIOS_WKUP_IRQHandler
                0x08001440                USART2_IRQHandler
                0x08001440                DFSDM1_FLT0_IRQHandler
                0x08001440                SAI4_IRQHandler
                0x08001440                I2C2_ER_IRQHandler
                0x08001440                DMA2_Stream1_IRQHandler
                0x08001440                FLASH_IRQHandler
                0x08001440                DMA2_Stream4_IRQHandler
                0x08001440                OTG_FS_IRQHandler
                0x08001440                SPI3_IRQHandler
                0x08001440                WAKEUP_PIN_IRQHandler
                0x08001440                DMA1_Stream4_IRQHandler
                0x08001440                OTG_FS_EP1_IN_IRQHandler
                0x08001440                I2C1_ER_IRQHandler
                0x08001440                FMC_IRQHandler
                0x08001440                FDCAN_CAL_IRQHandler
                0x08001440                SWPMI1_IRQHandler
                0x08001440                COMP1_IRQHandler
                0x08001440                LPTIM1_IRQHandler
                0x08001440                I2C4_ER_IRQHandler
                0x08001440                DMA2_Stream6_IRQHandler
                0x08001440                SAI1_IRQHandler
                0x08001440                DMA1_Stream3_IRQHandler
 *fill*         0x08001442        0x2 
 .text.HAL_Init
                0x08001444       0x78 ./Drivers/STM32H7xx_HAL_Driver/stm32h7xx_hal.o
                0x08001444                HAL_Init
 .text.HAL_InitTick
                0x080014bc       0x6c ./Drivers/STM32H7xx_HAL_Driver/stm32h7xx_hal.o
                0x080014bc                HAL_InitTick
 .text.HAL_IncTick
                0x08001528       0x28 ./Drivers/STM32H7xx_HAL_Driver/stm32h7xx_hal.o
                0x08001528                HAL_IncTick
 .text.HAL_GetTick
                0x08001550       0x18 ./Drivers/STM32H7xx_HAL_Driver/stm32h7xx_hal.o
                0x08001550                HAL_GetTick
 .text.HAL_Delay
                0x08001568       0x48 ./Drivers/STM32H7xx_HAL_Driver/stm32h7xx_hal.o
                0x08001568                HAL_Delay
 .text.HAL_GetREVID
                0x080015b0       0x18 ./Drivers/STM32H7xx_HAL_Driver/stm32h7xx_hal.o
                0x080015b0                HAL_GetREVID
 .text.LL_ADC_SetCommonClock
                0x080015c8       0x26 ./Drivers/STM32H7xx_HAL_Driver/stm32h7xx_hal_adc.o
 .text.LL_ADC_SetCommonPathInternalCh
                0x080015ee       0x26 ./Drivers/STM32H7xx_HAL_Driver/stm32h7xx_hal_adc.o
 .text.LL_ADC_GetCommonPathInternalCh
                0x08001614       0x1c ./Drivers/STM32H7xx_HAL_Driver/stm32h7xx_hal_adc.o
 .text.LL_ADC_SetChannelPreselection
                0x08001630       0x66 ./Drivers/STM32H7xx_HAL_Driver/stm32h7xx_hal_adc.o
 .text.LL_ADC_SetOffset
                0x08001696       0x40 ./Drivers/STM32H7xx_HAL_Driver/stm32h7xx_hal_adc.o
 .text.LL_ADC_SetDataRightShift
                0x080016d6       0x32 ./Drivers/STM32H7xx_HAL_Driver/stm32h7xx_hal_adc.o
 .text.LL_ADC_SetOffsetSignedSaturation
                0x08001708       0x36 ./Drivers/STM32H7xx_HAL_Driver/stm32h7xx_hal_adc.o
 .text.LL_ADC_REG_SetSequencerRanks
                0x0800173e       0x58 ./Drivers/STM32H7xx_HAL_Driver/stm32h7xx_hal_adc.o
 .text.LL_ADC_SetChannelSamplingTime
                0x08001796       0x56 ./Drivers/STM32H7xx_HAL_Driver/stm32h7xx_hal_adc.o
 .text.LL_ADC_SetChannelSingleDiff
                0x080017ec       0x48 ./Drivers/STM32H7xx_HAL_Driver/stm32h7xx_hal_adc.o
 .text.LL_ADC_DisableDeepPowerDown
                0x08001834       0x24 ./Drivers/STM32H7xx_HAL_Driver/stm32h7xx_hal_adc.o
 .text.LL_ADC_IsDeepPowerDownEnabled
                0x08001858       0x28 ./Drivers/STM32H7xx_HAL_Driver/stm32h7xx_hal_adc.o
 .text.LL_ADC_EnableInternalRegulator
                0x08001880       0x28 ./Drivers/STM32H7xx_HAL_Driver/stm32h7xx_hal_adc.o
 .text.LL_ADC_IsInternalRegulatorEnabled
                0x080018a8       0x28 ./Drivers/STM32H7xx_HAL_Driver/stm32h7xx_hal_adc.o
 .text.LL_ADC_IsEnabled
                0x080018d0       0x26 ./Drivers/STM32H7xx_HAL_Driver/stm32h7xx_hal_adc.o
 .text.LL_ADC_REG_IsConversionOngoing
                0x080018f6       0x26 ./Drivers/STM32H7xx_HAL_Driver/stm32h7xx_hal_adc.o
 .text.LL_ADC_INJ_IsConversionOngoing
                0x0800191c       0x26 ./Drivers/STM32H7xx_HAL_Driver/stm32h7xx_hal_adc.o
 *fill*         0x08001942        0x2 
 .text.HAL_ADC_Init
                0x08001944      0x344 ./Drivers/STM32H7xx_HAL_Driver/stm32h7xx_hal_adc.o
                0x08001944                HAL_ADC_Init
 .text.HAL_ADC_ConfigChannel
                0x08001c88      0x5e0 ./Drivers/STM32H7xx_HAL_Driver/stm32h7xx_hal_adc.o
                0x08001c88                HAL_ADC_ConfigChannel
 .text.ADC_ConfigureBoostMode
                0x08002268      0x218 ./Drivers/STM32H7xx_HAL_Driver/stm32h7xx_hal_adc.o
                0x08002268                ADC_ConfigureBoostMode
 .text.LL_ADC_IsEnabled
                0x08002480       0x26 ./Drivers/STM32H7xx_HAL_Driver/stm32h7xx_hal_adc_ex.o
 .text.LL_ADC_REG_IsConversionOngoing
                0x080024a6       0x26 ./Drivers/STM32H7xx_HAL_Driver/stm32h7xx_hal_adc_ex.o
 .text.HAL_ADCEx_MultiModeConfigChannel
                0x080024cc      0x1bc ./Drivers/STM32H7xx_HAL_Driver/stm32h7xx_hal_adc_ex.o
                0x080024cc                HAL_ADCEx_MultiModeConfigChannel
 .text.__NVIC_SetPriorityGrouping
                0x08002688       0x48 ./Drivers/STM32H7xx_HAL_Driver/stm32h7xx_hal_cortex.o
 .text.__NVIC_GetPriorityGrouping
                0x080026d0       0x1c ./Drivers/STM32H7xx_HAL_Driver/stm32h7xx_hal_cortex.o
 .text.__NVIC_EnableIRQ
                0x080026ec       0x3c ./Drivers/STM32H7xx_HAL_Driver/stm32h7xx_hal_cortex.o
 .text.__NVIC_SetPriority
                0x08002728       0x54 ./Drivers/STM32H7xx_HAL_Driver/stm32h7xx_hal_cortex.o
 .text.NVIC_EncodePriority
                0x0800277c       0x66 ./Drivers/STM32H7xx_HAL_Driver/stm32h7xx_hal_cortex.o
 *fill*         0x080027e2        0x2 
 .text.SysTick_Config
                0x080027e4       0x44 ./Drivers/STM32H7xx_HAL_Driver/stm32h7xx_hal_cortex.o
 .text.HAL_NVIC_SetPriorityGrouping
                0x08002828       0x16 ./Drivers/STM32H7xx_HAL_Driver/stm32h7xx_hal_cortex.o
                0x08002828                HAL_NVIC_SetPriorityGrouping
 .text.HAL_NVIC_SetPriority
                0x0800283e       0x34 ./Drivers/STM32H7xx_HAL_Driver/stm32h7xx_hal_cortex.o
                0x0800283e                HAL_NVIC_SetPriority
 .text.HAL_NVIC_EnableIRQ
                0x08002872       0x1c ./Drivers/STM32H7xx_HAL_Driver/stm32h7xx_hal_cortex.o
                0x08002872                HAL_NVIC_EnableIRQ
 .text.HAL_SYSTICK_Config
                0x0800288e       0x18 ./Drivers/STM32H7xx_HAL_Driver/stm32h7xx_hal_cortex.o
                0x0800288e                HAL_SYSTICK_Config
 *fill*         0x080028a6        0x2 
 .text.HAL_DMA_Abort
                0x080028a8      0x63c ./Drivers/STM32H7xx_HAL_Driver/stm32h7xx_hal_dma.o
                0x080028a8                HAL_DMA_Abort
 .text.HAL_DMA_Abort_IT
                0x08002ee4      0x48c ./Drivers/STM32H7xx_HAL_Driver/stm32h7xx_hal_dma.o
                0x08002ee4                HAL_DMA_Abort_IT
 .text.HAL_GPIO_Init
                0x08003370      0x360 ./Drivers/STM32H7xx_HAL_Driver/stm32h7xx_hal_gpio.o
                0x08003370                HAL_GPIO_Init
 .text.HAL_HSEM_FastTake
                0x080036d0       0x34 ./Drivers/STM32H7xx_HAL_Driver/stm32h7xx_hal_hsem.o
                0x080036d0                HAL_HSEM_FastTake
 .text.HAL_HSEM_Release
                0x08003704       0x28 ./Drivers/STM32H7xx_HAL_Driver/stm32h7xx_hal_hsem.o
                0x08003704                HAL_HSEM_Release
 .text.HAL_I2C_Init
                0x0800372c      0x138 ./Drivers/STM32H7xx_HAL_Driver/stm32h7xx_hal_i2c.o
                0x0800372c                HAL_I2C_Init
 .text.HAL_I2C_EV_IRQHandler
                0x08003864       0x34 ./Drivers/STM32H7xx_HAL_Driver/stm32h7xx_hal_i2c.o
                0x08003864                HAL_I2C_EV_IRQHandler
 .text.HAL_I2CEx_ConfigAnalogFilter
                0x08003898       0x96 ./Drivers/STM32H7xx_HAL_Driver/stm32h7xx_hal_i2c_ex.o
                0x08003898                HAL_I2CEx_ConfigAnalogFilter
 .text.HAL_I2CEx_ConfigDigitalFilter
                0x0800392e       0x98 ./Drivers/STM32H7xx_HAL_Driver/stm32h7xx_hal_i2c_ex.o
                0x0800392e                HAL_I2CEx_ConfigDigitalFilter
 *fill*         0x080039c6        0x2 
 .text.HAL_PWREx_ConfigSupply
                0x080039c8       0xb4 ./Drivers/STM32H7xx_HAL_Driver/stm32h7xx_hal_pwr_ex.o
                0x080039c8                HAL_PWREx_ConfigSupply
 .text.HAL_RCC_OscConfig
                0x08003a7c      0x8b4 ./Drivers/STM32H7xx_HAL_Driver/stm32h7xx_hal_rcc.o
                0x08003a7c                HAL_RCC_OscConfig
 .text.HAL_RCC_ClockConfig
                0x08004330      0x36c ./Drivers/STM32H7xx_HAL_Driver/stm32h7xx_hal_rcc.o
                0x08004330                HAL_RCC_ClockConfig
 .text.HAL_RCC_GetSysClockFreq
                0x0800469c      0x2f4 ./Drivers/STM32H7xx_HAL_Driver/stm32h7xx_hal_rcc.o
                0x0800469c                HAL_RCC_GetSysClockFreq
 .text.HAL_RCC_GetHCLKFreq
                0x08004990       0x60 ./Drivers/STM32H7xx_HAL_Driver/stm32h7xx_hal_rcc.o
                0x08004990                HAL_RCC_GetHCLKFreq
 .text.HAL_RCC_GetPCLK1Freq
                0x080049f0       0x2c ./Drivers/STM32H7xx_HAL_Driver/stm32h7xx_hal_rcc.o
                0x080049f0                HAL_RCC_GetPCLK1Freq
 .text.HAL_RCC_GetPCLK2Freq
                0x08004a1c       0x2c ./Drivers/STM32H7xx_HAL_Driver/stm32h7xx_hal_rcc.o
                0x08004a1c                HAL_RCC_GetPCLK2Freq
 .text.HAL_RCCEx_PeriphCLKConfig
                0x08004a48     0x1414 ./Drivers/STM32H7xx_HAL_Driver/stm32h7xx_hal_rcc_ex.o
                0x08004a48                HAL_RCCEx_PeriphCLKConfig
 .text.HAL_RCCEx_GetPeriphCLKFreq
                0x08005e5c      0xb00 ./Drivers/STM32H7xx_HAL_Driver/stm32h7xx_hal_rcc_ex.o
                0x08005e5c                HAL_RCCEx_GetPeriphCLKFreq
 .text.HAL_RCCEx_GetD3PCLK1Freq
                0x0800695c       0x2c ./Drivers/STM32H7xx_HAL_Driver/stm32h7xx_hal_rcc_ex.o
                0x0800695c                HAL_RCCEx_GetD3PCLK1Freq
 .text.HAL_RCCEx_GetPLL2ClockFreq
                0x08006988      0x2a8 ./Drivers/STM32H7xx_HAL_Driver/stm32h7xx_hal_rcc_ex.o
                0x08006988                HAL_RCCEx_GetPLL2ClockFreq
 .text.HAL_RCCEx_GetPLL3ClockFreq
                0x08006c30      0x2a8 ./Drivers/STM32H7xx_HAL_Driver/stm32h7xx_hal_rcc_ex.o
                0x08006c30                HAL_RCCEx_GetPLL3ClockFreq
 .text.HAL_RCCEx_GetPLL1ClockFreq
                0x08006ed8      0x2a4 ./Drivers/STM32H7xx_HAL_Driver/stm32h7xx_hal_rcc_ex.o
                0x08006ed8                HAL_RCCEx_GetPLL1ClockFreq
 .text.RCCEx_PLL2_Config
                0x0800717c      0x164 ./Drivers/STM32H7xx_HAL_Driver/stm32h7xx_hal_rcc_ex.o
 .text.RCCEx_PLL3_Config
                0x080072e0      0x164 ./Drivers/STM32H7xx_HAL_Driver/stm32h7xx_hal_rcc_ex.o
 .text.HAL_SD_Init
                0x08007444      0x106 ./Drivers/STM32H7xx_HAL_Driver/stm32h7xx_hal_sd.o
                0x08007444                HAL_SD_Init
 *fill*         0x0800754a        0x2 
 .text.HAL_SD_InitCard
                0x0800754c      0x138 ./Drivers/STM32H7xx_HAL_Driver/stm32h7xx_hal_sd.o
                0x0800754c                HAL_SD_InitCard
 .text.HAL_SD_ReadBlocks
                0x08007684      0x314 ./Drivers/STM32H7xx_HAL_Driver/stm32h7xx_hal_sd.o
                0x08007684                HAL_SD_ReadBlocks
 .text.HAL_SD_WriteBlocks
                0x08007998      0x31c ./Drivers/STM32H7xx_HAL_Driver/stm32h7xx_hal_sd.o
                0x08007998                HAL_SD_WriteBlocks
 .text.HAL_SD_IRQHandler
                0x08007cb4      0x370 ./Drivers/STM32H7xx_HAL_Driver/stm32h7xx_hal_sd.o
                0x08007cb4                HAL_SD_IRQHandler
 .text.HAL_SD_ErrorCallback
                0x08008024       0x14 ./Drivers/STM32H7xx_HAL_Driver/stm32h7xx_hal_sd.o
                0x08008024                HAL_SD_ErrorCallback
 .text.HAL_SD_GetCardCSD
                0x08008038      0x348 ./Drivers/STM32H7xx_HAL_Driver/stm32h7xx_hal_sd.o
                0x08008038                HAL_SD_GetCardCSD
 .text.HAL_SD_GetCardStatus
                0x08008380      0x17c ./Drivers/STM32H7xx_HAL_Driver/stm32h7xx_hal_sd.o
                0x08008380                HAL_SD_GetCardStatus
 .text.HAL_SD_GetCardInfo
                0x080084fc       0x58 ./Drivers/STM32H7xx_HAL_Driver/stm32h7xx_hal_sd.o
                0x080084fc                HAL_SD_GetCardInfo
 .text.HAL_SD_ConfigWideBusOperation
                0x08008554      0x224 ./Drivers/STM32H7xx_HAL_Driver/stm32h7xx_hal_sd.o
                0x08008554                HAL_SD_ConfigWideBusOperation
 .text.HAL_SD_GetCardState
                0x08008778       0x40 ./Drivers/STM32H7xx_HAL_Driver/stm32h7xx_hal_sd.o
                0x08008778                HAL_SD_GetCardState
 .text.SD_InitCard
                0x080087b8      0x19c ./Drivers/STM32H7xx_HAL_Driver/stm32h7xx_hal_sd.o
 .text.SD_PowerON
                0x08008954      0x11c ./Drivers/STM32H7xx_HAL_Driver/stm32h7xx_hal_sd.o
 .text.SD_SendSDStatus
                0x08008a70      0x1a0 ./Drivers/STM32H7xx_HAL_Driver/stm32h7xx_hal_sd.o
 .text.SD_SendStatus
                0x08008c10       0x50 ./Drivers/STM32H7xx_HAL_Driver/stm32h7xx_hal_sd.o
 .text.SD_WideBus_Enable
                0x08008c60       0x96 ./Drivers/STM32H7xx_HAL_Driver/stm32h7xx_hal_sd.o
 .text.SD_WideBus_Disable
                0x08008cf6       0x96 ./Drivers/STM32H7xx_HAL_Driver/stm32h7xx_hal_sd.o
 .text.SD_FindSCR
                0x08008d8c      0x1a0 ./Drivers/STM32H7xx_HAL_Driver/stm32h7xx_hal_sd.o
 .text.SD_Read_IT
                0x08008f2c       0x8c ./Drivers/STM32H7xx_HAL_Driver/stm32h7xx_hal_sd.o
 .text.SD_Write_IT
                0x08008fb8       0x94 ./Drivers/STM32H7xx_HAL_Driver/stm32h7xx_hal_sd.o
 .text.HAL_SDEx_Read_DMADoubleBuf0CpltCallback
                0x0800904c       0x14 ./Drivers/STM32H7xx_HAL_Driver/stm32h7xx_hal_sd.o
                0x0800904c                HAL_SDEx_Read_DMADoubleBuf0CpltCallback
 .text.HAL_SDEx_Read_DMADoubleBuf1CpltCallback
                0x08009060       0x14 ./Drivers/STM32H7xx_HAL_Driver/stm32h7xx_hal_sd.o
                0x08009060                HAL_SDEx_Read_DMADoubleBuf1CpltCallback
 .text.HAL_SDEx_Write_DMADoubleBuf0CpltCallback
                0x08009074       0x14 ./Drivers/STM32H7xx_HAL_Driver/stm32h7xx_hal_sd.o
                0x08009074                HAL_SDEx_Write_DMADoubleBuf0CpltCallback
 .text.HAL_SDEx_Write_DMADoubleBuf1CpltCallback
                0x08009088       0x14 ./Drivers/STM32H7xx_HAL_Driver/stm32h7xx_hal_sd.o
                0x08009088                HAL_SDEx_Write_DMADoubleBuf1CpltCallback
 .text.HAL_UART_Init
                0x0800909c       0xa0 ./Drivers/STM32H7xx_HAL_Driver/stm32h7xx_hal_uart.o
                0x0800909c                HAL_UART_Init
 .text.HAL_UART_Transmit
                0x0800913c      0x11c ./Drivers/STM32H7xx_HAL_Driver/stm32h7xx_hal_uart.o
                0x0800913c                HAL_UART_Transmit
 .text.HAL_UART_Receive
                0x08009258      0x190 ./Drivers/STM32H7xx_HAL_Driver/stm32h7xx_hal_uart.o
                0x08009258                HAL_UART_Receive
 .text.HAL_UART_Transmit_IT
                0x080093e8      0x128 ./Drivers/STM32H7xx_HAL_Driver/stm32h7xx_hal_uart.o
                0x080093e8                HAL_UART_Transmit_IT
 .text.HAL_UART_IRQHandler
                0x08009510      0x7ac ./Drivers/STM32H7xx_HAL_Driver/stm32h7xx_hal_uart.o
                0x08009510                HAL_UART_IRQHandler
 .text.HAL_UART_TxCpltCallback
                0x08009cbc       0x14 ./Drivers/STM32H7xx_HAL_Driver/stm32h7xx_hal_uart.o
                0x08009cbc                HAL_UART_TxCpltCallback
 .text.HAL_UART_ErrorCallback
                0x08009cd0       0x14 ./Drivers/STM32H7xx_HAL_Driver/stm32h7xx_hal_uart.o
                0x08009cd0                HAL_UART_ErrorCallback
 .text.HAL_UARTEx_RxEventCallback
                0x08009ce4       0x18 ./Drivers/STM32H7xx_HAL_Driver/stm32h7xx_hal_uart.o
                0x08009ce4                HAL_UARTEx_RxEventCallback
 .text.UART_SetConfig
                0x08009cfc      0xad0 ./Drivers/STM32H7xx_HAL_Driver/stm32h7xx_hal_uart.o
                0x08009cfc                UART_SetConfig
 .text.UART_AdvFeatureConfig
                0x0800a7cc      0x144 ./Drivers/STM32H7xx_HAL_Driver/stm32h7xx_hal_uart.o
                0x0800a7cc                UART_AdvFeatureConfig
 .text.UART_CheckIdleState
                0x0800a910      0x154 ./Drivers/STM32H7xx_HAL_Driver/stm32h7xx_hal_uart.o
                0x0800a910                UART_CheckIdleState
 .text.UART_WaitOnFlagUntilTimeout
                0x0800aa64       0xda ./Drivers/STM32H7xx_HAL_Driver/stm32h7xx_hal_uart.o
                0x0800aa64                UART_WaitOnFlagUntilTimeout
 *fill*         0x0800ab3e        0x2 
 .text.UART_EndRxTransfer
                0x0800ab40       0xcc ./Drivers/STM32H7xx_HAL_Driver/stm32h7xx_hal_uart.o
 .text.UART_DMAAbortOnError
                0x0800ac0c       0x24 ./Drivers/STM32H7xx_HAL_Driver/stm32h7xx_hal_uart.o
 .text.UART_TxISR_8BIT
                0x0800ac30       0xb8 ./Drivers/STM32H7xx_HAL_Driver/stm32h7xx_hal_uart.o
 .text.UART_TxISR_16BIT
                0x0800ace8       0xc2 ./Drivers/STM32H7xx_HAL_Driver/stm32h7xx_hal_uart.o
 .text.UART_TxISR_8BIT_FIFOEN
                0x0800adaa       0xe0 ./Drivers/STM32H7xx_HAL_Driver/stm32h7xx_hal_uart.o
 .text.UART_TxISR_16BIT_FIFOEN
                0x0800ae8a       0xea ./Drivers/STM32H7xx_HAL_Driver/stm32h7xx_hal_uart.o
 .text.UART_EndTransmit_IT
                0x0800af74       0x56 ./Drivers/STM32H7xx_HAL_Driver/stm32h7xx_hal_uart.o
 .text.HAL_UARTEx_WakeupCallback
                0x0800afca       0x14 ./Drivers/STM32H7xx_HAL_Driver/stm32h7xx_hal_uart_ex.o
                0x0800afca                HAL_UARTEx_WakeupCallback
 .text.HAL_UARTEx_RxFifoFullCallback
                0x0800afde       0x14 ./Drivers/STM32H7xx_HAL_Driver/stm32h7xx_hal_uart_ex.o
                0x0800afde                HAL_UARTEx_RxFifoFullCallback
 .text.HAL_UARTEx_TxFifoEmptyCallback
                0x0800aff2       0x14 ./Drivers/STM32H7xx_HAL_Driver/stm32h7xx_hal_uart_ex.o
                0x0800aff2                HAL_UARTEx_TxFifoEmptyCallback
 .text.HAL_UARTEx_DisableFifoMode
                0x0800b006       0x72 ./Drivers/STM32H7xx_HAL_Driver/stm32h7xx_hal_uart_ex.o
                0x0800b006                HAL_UARTEx_DisableFifoMode
 .text.HAL_UARTEx_SetTxFifoThreshold
                0x0800b078       0x7c ./Drivers/STM32H7xx_HAL_Driver/stm32h7xx_hal_uart_ex.o
                0x0800b078                HAL_UARTEx_SetTxFifoThreshold
 .text.HAL_UARTEx_SetRxFifoThreshold
                0x0800b0f4       0x7c ./Drivers/STM32H7xx_HAL_Driver/stm32h7xx_hal_uart_ex.o
                0x0800b0f4                HAL_UARTEx_SetRxFifoThreshold
 .text.UARTEx_SetNbDataToProcess
                0x0800b170       0x9c ./Drivers/STM32H7xx_HAL_Driver/stm32h7xx_hal_uart_ex.o
 .text.SDMMC_Init
                0x0800b20c       0x54 ./Drivers/STM32H7xx_HAL_Driver/stm32h7xx_ll_sdmmc.o
                0x0800b20c                SDMMC_Init
 .text.SDMMC_ReadFIFO
                0x0800b260       0x1a ./Drivers/STM32H7xx_HAL_Driver/stm32h7xx_ll_sdmmc.o
                0x0800b260                SDMMC_ReadFIFO
 .text.SDMMC_WriteFIFO
                0x0800b27a       0x22 ./Drivers/STM32H7xx_HAL_Driver/stm32h7xx_ll_sdmmc.o
                0x0800b27a                SDMMC_WriteFIFO
 .text.SDMMC_PowerState_ON
                0x0800b29c       0x22 ./Drivers/STM32H7xx_HAL_Driver/stm32h7xx_ll_sdmmc.o
                0x0800b29c                SDMMC_PowerState_ON
 .text.SDMMC_GetPowerState
                0x0800b2be       0x1c ./Drivers/STM32H7xx_HAL_Driver/stm32h7xx_ll_sdmmc.o
                0x0800b2be                SDMMC_GetPowerState
 *fill*         0x0800b2da        0x2 
 .text.SDMMC_SendCommand
                0x0800b2dc       0x54 ./Drivers/STM32H7xx_HAL_Driver/stm32h7xx_ll_sdmmc.o
                0x0800b2dc                SDMMC_SendCommand
 .text.SDMMC_GetCommandResponse
                0x0800b330       0x1a ./Drivers/STM32H7xx_HAL_Driver/stm32h7xx_ll_sdmmc.o
                0x0800b330                SDMMC_GetCommandResponse
 .text.SDMMC_GetResponse
                0x0800b34a       0x26 ./Drivers/STM32H7xx_HAL_Driver/stm32h7xx_ll_sdmmc.o
                0x0800b34a                SDMMC_GetResponse
 .text.SDMMC_ConfigData
                0x0800b370       0x58 ./Drivers/STM32H7xx_HAL_Driver/stm32h7xx_ll_sdmmc.o
                0x0800b370                SDMMC_ConfigData
 .text.SDMMC_CmdBlockLength
                0x0800b3c8       0x46 ./Drivers/STM32H7xx_HAL_Driver/stm32h7xx_ll_sdmmc.o
                0x0800b3c8                SDMMC_CmdBlockLength
 .text.SDMMC_CmdReadSingleBlock
                0x0800b40e       0x46 ./Drivers/STM32H7xx_HAL_Driver/stm32h7xx_ll_sdmmc.o
                0x0800b40e                SDMMC_CmdReadSingleBlock
 .text.SDMMC_CmdReadMultiBlock
                0x0800b454       0x46 ./Drivers/STM32H7xx_HAL_Driver/stm32h7xx_ll_sdmmc.o
                0x0800b454                SDMMC_CmdReadMultiBlock
 .text.SDMMC_CmdWriteSingleBlock
                0x0800b49a       0x46 ./Drivers/STM32H7xx_HAL_Driver/stm32h7xx_ll_sdmmc.o
                0x0800b49a                SDMMC_CmdWriteSingleBlock
 .text.SDMMC_CmdWriteMultiBlock
                0x0800b4e0       0x46 ./Drivers/STM32H7xx_HAL_Driver/stm32h7xx_ll_sdmmc.o
                0x0800b4e0                SDMMC_CmdWriteMultiBlock
 *fill*         0x0800b526        0x2 
 .text.SDMMC_CmdStopTransfer
                0x0800b528       0x78 ./Drivers/STM32H7xx_HAL_Driver/stm32h7xx_ll_sdmmc.o
                0x0800b528                SDMMC_CmdStopTransfer
 .text.SDMMC_CmdSelDesel
                0x0800b5a0       0x46 ./Drivers/STM32H7xx_HAL_Driver/stm32h7xx_ll_sdmmc.o
                0x0800b5a0                SDMMC_CmdSelDesel
 .text.SDMMC_CmdGoIdleState
                0x0800b5e6       0x3c ./Drivers/STM32H7xx_HAL_Driver/stm32h7xx_ll_sdmmc.o
                0x0800b5e6                SDMMC_CmdGoIdleState
 .text.SDMMC_CmdOperCond
                0x0800b622       0x40 ./Drivers/STM32H7xx_HAL_Driver/stm32h7xx_ll_sdmmc.o
                0x0800b622                SDMMC_CmdOperCond
 .text.SDMMC_CmdAppCommand
                0x0800b662       0x46 ./Drivers/STM32H7xx_HAL_Driver/stm32h7xx_ll_sdmmc.o
                0x0800b662                SDMMC_CmdAppCommand
 .text.SDMMC_CmdAppOperCommand
                0x0800b6a8       0x40 ./Drivers/STM32H7xx_HAL_Driver/stm32h7xx_ll_sdmmc.o
                0x0800b6a8                SDMMC_CmdAppOperCommand
 .text.SDMMC_CmdBusWidth
                0x0800b6e8       0x46 ./Drivers/STM32H7xx_HAL_Driver/stm32h7xx_ll_sdmmc.o
                0x0800b6e8                SDMMC_CmdBusWidth
 .text.SDMMC_CmdSendSCR
                0x0800b72e       0x44 ./Drivers/STM32H7xx_HAL_Driver/stm32h7xx_ll_sdmmc.o
                0x0800b72e                SDMMC_CmdSendSCR
 .text.SDMMC_CmdSendCID
                0x0800b772       0x3e ./Drivers/STM32H7xx_HAL_Driver/stm32h7xx_ll_sdmmc.o
                0x0800b772                SDMMC_CmdSendCID
 .text.SDMMC_CmdSendCSD
                0x0800b7b0       0x40 ./Drivers/STM32H7xx_HAL_Driver/stm32h7xx_ll_sdmmc.o
                0x0800b7b0                SDMMC_CmdSendCSD
 .text.SDMMC_CmdSetRelAdd
                0x0800b7f0       0x44 ./Drivers/STM32H7xx_HAL_Driver/stm32h7xx_ll_sdmmc.o
                0x0800b7f0                SDMMC_CmdSetRelAdd
 .text.SDMMC_CmdSendStatus
                0x0800b834       0x46 ./Drivers/STM32H7xx_HAL_Driver/stm32h7xx_ll_sdmmc.o
                0x0800b834                SDMMC_CmdSendStatus
 .text.SDMMC_CmdStatusRegister
                0x0800b87a       0x44 ./Drivers/STM32H7xx_HAL_Driver/stm32h7xx_ll_sdmmc.o
                0x0800b87a                SDMMC_CmdStatusRegister
 *fill*         0x0800b8be        0x2 
 .text.SDMMC_GetCmdResp1
                0x0800b8c0      0x1e4 ./Drivers/STM32H7xx_HAL_Driver/stm32h7xx_ll_sdmmc.o
                0x0800b8c0                SDMMC_GetCmdResp1
 .text.SDMMC_GetCmdResp2
                0x0800baa4       0x94 ./Drivers/STM32H7xx_HAL_Driver/stm32h7xx_ll_sdmmc.o
                0x0800baa4                SDMMC_GetCmdResp2
 .text.SDMMC_GetCmdResp3
                0x0800bb38       0x80 ./Drivers/STM32H7xx_HAL_Driver/stm32h7xx_ll_sdmmc.o
                0x0800bb38                SDMMC_GetCmdResp3
 .text.SDMMC_GetCmdResp6
                0x0800bbb8       0xf0 ./Drivers/STM32H7xx_HAL_Driver/stm32h7xx_ll_sdmmc.o
                0x0800bbb8                SDMMC_GetCmdResp6
 .text.SDMMC_GetCmdResp7
                0x0800bca8       0x9c ./Drivers/STM32H7xx_HAL_Driver/stm32h7xx_ll_sdmmc.o
                0x0800bca8                SDMMC_GetCmdResp7
 .text.SDMMC_GetCmdError
                0x0800bd44       0x5c ./Drivers/STM32H7xx_HAL_Driver/stm32h7xx_ll_sdmmc.o
 .text.MX_FATFS_Init
                0x0800bda0       0x24 ./FATFS/App/fatfs.o
                0x0800bda0                MX_FATFS_Init
 .text.BSP_SD_Init
                0x0800bdc4       0x30 ./FATFS/Target/bsp_driver_sd.o
                0x0800bdc4                BSP_SD_Init
 .text.BSP_SD_ReadBlocks
                0x0800bdf4       0x3c ./FATFS/Target/bsp_driver_sd.o
                0x0800bdf4                BSP_SD_ReadBlocks
 .text.BSP_SD_WriteBlocks
                0x0800be30       0x3c ./FATFS/Target/bsp_driver_sd.o
                0x0800be30                BSP_SD_WriteBlocks
 .text.BSP_SD_GetCardState
                0x0800be6c       0x20 ./FATFS/Target/bsp_driver_sd.o
                0x0800be6c                BSP_SD_GetCardState
 .text.BSP_SD_GetCardInfo
                0x0800be8c       0x1c ./FATFS/Target/bsp_driver_sd.o
                0x0800be8c                BSP_SD_GetCardInfo
 .text.HAL_SD_TxCpltCallback
                0x0800bea8       0x14 ./FATFS/Target/bsp_driver_sd.o
                0x0800bea8                HAL_SD_TxCpltCallback
 .text.HAL_SD_RxCpltCallback
                0x0800bebc       0x14 ./FATFS/Target/bsp_driver_sd.o
                0x0800bebc                HAL_SD_RxCpltCallback
 .text.BSP_SD_WriteCpltCallback
                0x0800bed0        0xe ./FATFS/Target/bsp_driver_sd.o
                0x0800bed0                BSP_SD_WriteCpltCallback
 .text.BSP_SD_ReadCpltCallback
                0x0800bede        0xe ./FATFS/Target/bsp_driver_sd.o
                0x0800bede                BSP_SD_ReadCpltCallback
 .text.BSP_SD_IsDetected
                0x0800beec       0x1a ./FATFS/Target/bsp_driver_sd.o
                0x0800beec                BSP_SD_IsDetected
 *fill*         0x0800bf06        0x2 
 .text.SD_CheckStatus
                0x0800bf08       0x3c ./FATFS/Target/sd_diskio.o
 .text.SD_initialize
                0x0800bf44       0x3c ./FATFS/Target/sd_diskio.o
                0x0800bf44                SD_initialize
 .text.SD_status
                0x0800bf80       0x1c ./FATFS/Target/sd_diskio.o
                0x0800bf80                SD_status
 .text.SD_read  0x0800bf9c       0x42 ./FATFS/Target/sd_diskio.o
                0x0800bf9c                SD_read
 .text.SD_write
                0x0800bfde       0x42 ./FATFS/Target/sd_diskio.o
                0x0800bfde                SD_write
 .text.SD_ioctl
                0x0800c020       0xb0 ./FATFS/Target/sd_diskio.o
                0x0800c020                SD_ioctl
 .text.FATFS_LinkDriverEx
                0x0800c0d0       0x98 ./Middlewares/Third_Party/FatFs/ff_gen_drv.o
                0x0800c0d0                FATFS_LinkDriverEx
 .text.FATFS_LinkDriver
                0x0800c168       0x1e ./Middlewares/Third_Party/FatFs/ff_gen_drv.o
                0x0800c168                FATFS_LinkDriver
 *fill*         0x0800c186        0x2 
 .text.get_return_buffer
                0x0800c188       0x14 ./manager/at_commands_ST87M01.o
                0x0800c188                get_return_buffer
 .text.at_send_command
                0x0800c19c       0x80 ./manager/at_commands_ST87M01.o
                0x0800c19c                at_send_command
 .text.at_send_command_with_attempt
                0x0800c21c       0xe8 ./manager/at_commands_ST87M01.o
                0x0800c21c                at_send_command_with_attempt
 .text.manager_init
                0x0800c304        0xc ./manager/manager.o
                0x0800c304                manager_init
 .text.manager_update
                0x0800c310       0xa8 ./manager/manager.o
                0x0800c310                manager_update
 .text.nb_iot_init
                0x0800c3b8      0x1dc ./manager/managers_behavior/nb_iot_behavior.o
                0x0800c3b8                nb_iot_init
 .text.nb_iot_update
                0x0800c594       0x10 ./manager/managers_behavior/nb_iot_behavior.o
                0x0800c594                nb_iot_update
 .text.sprintf  0x0800c5a4       0x44 /opt/st/stm32cubeide_1.18.0/plugins/com.st.stm32cube.ide.mcu.externaltools.gnu-tools-for-stm32.13.3.rel1.linux64_1.0.0.202410170706/tools/bin/../lib/gcc/arm-none-eabi/13.3.1/../../../../arm-none-eabi/lib/thumb/v7e-m+dp/hard/libc_nano.a(libc_a-sprintf.o)
                0x0800c5a4                sprintf
                0x0800c5a4                siprintf
 .text.memset   0x0800c5e8       0x10 /opt/st/stm32cubeide_1.18.0/plugins/com.st.stm32cube.ide.mcu.externaltools.gnu-tools-for-stm32.13.3.rel1.linux64_1.0.0.202410170706/tools/bin/../lib/gcc/arm-none-eabi/13.3.1/../../../../arm-none-eabi/lib/thumb/v7e-m+dp/hard/libc_nano.a(libc_a-memset.o)
                0x0800c5e8                memset
 .text.strstr   0x0800c5f8       0x2c /opt/st/stm32cubeide_1.18.0/plugins/com.st.stm32cube.ide.mcu.externaltools.gnu-tools-for-stm32.13.3.rel1.linux64_1.0.0.202410170706/tools/bin/../lib/gcc/arm-none-eabi/13.3.1/../../../../arm-none-eabi/lib/thumb/v7e-m+dp/hard/libc_nano.a(libc_a-strstr.o)
                0x0800c5f8                strstr
 .text.__errno  0x0800c624        0xc /opt/st/stm32cubeide_1.18.0/plugins/com.st.stm32cube.ide.mcu.externaltools.gnu-tools-for-stm32.13.3.rel1.linux64_1.0.0.202410170706/tools/bin/../lib/gcc/arm-none-eabi/13.3.1/../../../../arm-none-eabi/lib/thumb/v7e-m+dp/hard/libc_nano.a(libc_a-errno.o)
                0x0800c624                __errno
 .text.__libc_init_array
                0x0800c630       0x48 /opt/st/stm32cubeide_1.18.0/plugins/com.st.stm32cube.ide.mcu.externaltools.gnu-tools-for-stm32.13.3.rel1.linux64_1.0.0.202410170706/tools/bin/../lib/gcc/arm-none-eabi/13.3.1/../../../../arm-none-eabi/lib/thumb/v7e-m+dp/hard/libc_nano.a(libc_a-init.o)
                0x0800c630                __libc_init_array
 .text.__retarget_lock_acquire_recursive
                0x0800c678        0x2 /opt/st/stm32cubeide_1.18.0/plugins/com.st.stm32cube.ide.mcu.externaltools.gnu-tools-for-stm32.13.3.rel1.linux64_1.0.0.202410170706/tools/bin/../lib/gcc/arm-none-eabi/13.3.1/../../../../arm-none-eabi/lib/thumb/v7e-m+dp/hard/libc_nano.a(libc_a-lock.o)
                0x0800c678                __retarget_lock_acquire_recursive
 .text.__retarget_lock_release_recursive
                0x0800c67a        0x2 /opt/st/stm32cubeide_1.18.0/plugins/com.st.stm32cube.ide.mcu.externaltools.gnu-tools-for-stm32.13.3.rel1.linux64_1.0.0.202410170706/tools/bin/../lib/gcc/arm-none-eabi/13.3.1/../../../../arm-none-eabi/lib/thumb/v7e-m+dp/hard/libc_nano.a(libc_a-lock.o)
                0x0800c67a                __retarget_lock_release_recursive
 .text._free_r  0x0800c67c       0x94 /opt/st/stm32cubeide_1.18.0/plugins/com.st.stm32cube.ide.mcu.externaltools.gnu-tools-for-stm32.13.3.rel1.linux64_1.0.0.202410170706/tools/bin/../lib/gcc/arm-none-eabi/13.3.1/../../../../arm-none-eabi/lib/thumb/v7e-m+dp/hard/libc_nano.a(libc_a-freer.o)
                0x0800c67c                _free_r
 .text.sbrk_aligned
                0x0800c710       0x44 /opt/st/stm32cubeide_1.18.0/plugins/com.st.stm32cube.ide.mcu.externaltools.gnu-tools-for-stm32.13.3.rel1.linux64_1.0.0.202410170706/tools/bin/../lib/gcc/arm-none-eabi/13.3.1/../../../../arm-none-eabi/lib/thumb/v7e-m+dp/hard/libc_nano.a(libc_a-mallocr.o)
 .text._malloc_r
                0x0800c754      0x100 /opt/st/stm32cubeide_1.18.0/plugins/com.st.stm32cube.ide.mcu.externaltools.gnu-tools-for-stm32.13.3.rel1.linux64_1.0.0.202410170706/tools/bin/../lib/gcc/arm-none-eabi/13.3.1/../../../../arm-none-eabi/lib/thumb/v7e-m+dp/hard/libc_nano.a(libc_a-mallocr.o)
                0x0800c754                _malloc_r
 .text.__malloc_lock
                0x0800c854        0xc /opt/st/stm32cubeide_1.18.0/plugins/com.st.stm32cube.ide.mcu.externaltools.gnu-tools-for-stm32.13.3.rel1.linux64_1.0.0.202410170706/tools/bin/../lib/gcc/arm-none-eabi/13.3.1/../../../../arm-none-eabi/lib/thumb/v7e-m+dp/hard/libc_nano.a(libc_a-mlock.o)
                0x0800c854                __malloc_lock
 .text.__malloc_unlock
                0x0800c860        0xc /opt/st/stm32cubeide_1.18.0/plugins/com.st.stm32cube.ide.mcu.externaltools.gnu-tools-for-stm32.13.3.rel1.linux64_1.0.0.202410170706/tools/bin/../lib/gcc/arm-none-eabi/13.3.1/../../../../arm-none-eabi/lib/thumb/v7e-m+dp/hard/libc_nano.a(libc_a-mlock.o)
                0x0800c860                __malloc_unlock
 .text.__ssputs_r
                0x0800c86c       0xb6 /opt/st/stm32cubeide_1.18.0/plugins/com.st.stm32cube.ide.mcu.externaltools.gnu-tools-for-stm32.13.3.rel1.linux64_1.0.0.202410170706/tools/bin/../lib/gcc/arm-none-eabi/13.3.1/../../../../arm-none-eabi/lib/thumb/v7e-m+dp/hard/libc_nano.a(libc_a-nano-svfprintf.o)
                0x0800c86c                __ssputs_r
 *fill*         0x0800c922        0x2 
 .text._svfprintf_r
                0x0800c924      0x1f8 /opt/st/stm32cubeide_1.18.0/plugins/com.st.stm32cube.ide.mcu.externaltools.gnu-tools-for-stm32.13.3.rel1.linux64_1.0.0.202410170706/tools/bin/../lib/gcc/arm-none-eabi/13.3.1/../../../../arm-none-eabi/lib/thumb/v7e-m+dp/hard/libc_nano.a(libc_a-nano-svfprintf.o)
                0x0800c924                _svfprintf_r
                0x0800c924                _svfiprintf_r
 .text._printf_common
                0x0800cb1c       0xda /opt/st/stm32cubeide_1.18.0/plugins/com.st.stm32cube.ide.mcu.externaltools.gnu-tools-for-stm32.13.3.rel1.linux64_1.0.0.202410170706/tools/bin/../lib/gcc/arm-none-eabi/13.3.1/../../../../arm-none-eabi/lib/thumb/v7e-m+dp/hard/libc_nano.a(libc_a-nano-vfprintf_i.o)
                0x0800cb1c                _printf_common
 *fill*         0x0800cbf6        0x2 
 .text._printf_i
                0x0800cbf8      0x23c /opt/st/stm32cubeide_1.18.0/plugins/com.st.stm32cube.ide.mcu.externaltools.gnu-tools-for-stm32.13.3.rel1.linux64_1.0.0.202410170706/tools/bin/../lib/gcc/arm-none-eabi/13.3.1/../../../../arm-none-eabi/lib/thumb/v7e-m+dp/hard/libc_nano.a(libc_a-nano-vfprintf_i.o)
                0x0800cbf8                _printf_i
 .text.memmove  0x0800ce34       0x34 /opt/st/stm32cubeide_1.18.0/plugins/com.st.stm32cube.ide.mcu.externaltools.gnu-tools-for-stm32.13.3.rel1.linux64_1.0.0.202410170706/tools/bin/../lib/gcc/arm-none-eabi/13.3.1/../../../../arm-none-eabi/lib/thumb/v7e-m+dp/hard/libc_nano.a(libc_a-memmove.o)
                0x0800ce34                memmove
 .text._sbrk_r  0x0800ce68       0x20 /opt/st/stm32cubeide_1.18.0/plugins/com.st.stm32cube.ide.mcu.externaltools.gnu-tools-for-stm32.13.3.rel1.linux64_1.0.0.202410170706/tools/bin/../lib/gcc/arm-none-eabi/13.3.1/../../../../arm-none-eabi/lib/thumb/v7e-m+dp/hard/libc_nano.a(libc_a-sbrkr.o)
                0x0800ce68                _sbrk_r
 .text.memcpy   0x0800ce88       0x1c /opt/st/stm32cubeide_1.18.0/plugins/com.st.stm32cube.ide.mcu.externaltools.gnu-tools-for-stm32.13.3.rel1.linux64_1.0.0.202410170706/tools/bin/../lib/gcc/arm-none-eabi/13.3.1/../../../../arm-none-eabi/lib/thumb/v7e-m+dp/hard/libc_nano.a(libc_a-memcpy-stub.o)
                0x0800ce88                memcpy
 .text._realloc_r
                0x0800cea4       0x5c /opt/st/stm32cubeide_1.18.0/plugins/com.st.stm32cube.ide.mcu.externaltools.gnu-tools-for-stm32.13.3.rel1.linux64_1.0.0.202410170706/tools/bin/../lib/gcc/arm-none-eabi/13.3.1/../../../../arm-none-eabi/lib/thumb/v7e-m+dp/hard/libc_nano.a(libc_a-reallocr.o)
                0x0800cea4                _realloc_r
 .text._malloc_usable_size_r
                0x0800cf00       0x10 /opt/st/stm32cubeide_1.18.0/plugins/com.st.stm32cube.ide.mcu.externaltools.gnu-tools-for-stm32.13.3.rel1.linux64_1.0.0.202410170706/tools/bin/../lib/gcc/arm-none-eabi/13.3.1/../../../../arm-none-eabi/lib/thumb/v7e-m+dp/hard/libc_nano.a(libc_a-msizer.o)
                0x0800cf00                _malloc_usable_size_r
 *(.glue_7)
 .glue_7        0x0800cf10        0x0 linker stubs
 *(.glue_7t)
 .glue_7t       0x0800cf10        0x0 linker stubs
 *(.eh_frame)
 .eh_frame      0x0800cf10        0x0 /opt/st/stm32cubeide_1.18.0/plugins/com.st.stm32cube.ide.mcu.externaltools.gnu-tools-for-stm32.13.3.rel1.linux64_1.0.0.202410170706/tools/bin/../lib/gcc/arm-none-eabi/13.3.1/thumb/v7e-m+dp/hard/crtbegin.o
 *(.init)
 .init          0x0800cf10        0x4 /opt/st/stm32cubeide_1.18.0/plugins/com.st.stm32cube.ide.mcu.externaltools.gnu-tools-for-stm32.13.3.rel1.linux64_1.0.0.202410170706/tools/bin/../lib/gcc/arm-none-eabi/13.3.1/thumb/v7e-m+dp/hard/crti.o
                0x0800cf10                _init
 .init          0x0800cf14        0x8 /opt/st/stm32cubeide_1.18.0/plugins/com.st.stm32cube.ide.mcu.externaltools.gnu-tools-for-stm32.13.3.rel1.linux64_1.0.0.202410170706/tools/bin/../lib/gcc/arm-none-eabi/13.3.1/thumb/v7e-m+dp/hard/crtn.o
 *(.fini)
 .fini          0x0800cf1c        0x4 /opt/st/stm32cubeide_1.18.0/plugins/com.st.stm32cube.ide.mcu.externaltools.gnu-tools-for-stm32.13.3.rel1.linux64_1.0.0.202410170706/tools/bin/../lib/gcc/arm-none-eabi/13.3.1/thumb/v7e-m+dp/hard/crti.o
                0x0800cf1c                _fini
 .fini          0x0800cf20        0x8 /opt/st/stm32cubeide_1.18.0/plugins/com.st.stm32cube.ide.mcu.externaltools.gnu-tools-for-stm32.13.3.rel1.linux64_1.0.0.202410170706/tools/bin/../lib/gcc/arm-none-eabi/13.3.1/thumb/v7e-m+dp/hard/crtn.o
                0x0800cf28                        . = ALIGN (0x4)
                0x0800cf28                        _etext = .

.vfp11_veneer   0x0800cf28        0x0
 .vfp11_veneer  0x0800cf28        0x0 linker stubs

.v4_bx          0x0800cf28        0x0
 .v4_bx         0x0800cf28        0x0 linker stubs

.iplt           0x0800cf28        0x0
 .iplt          0x0800cf28        0x0 /opt/st/stm32cubeide_1.18.0/plugins/com.st.stm32cube.ide.mcu.externaltools.gnu-tools-for-stm32.13.3.rel1.linux64_1.0.0.202410170706/tools/bin/../lib/gcc/arm-none-eabi/13.3.1/thumb/v7e-m+dp/hard/crtbegin.o

.rodata         0x0800cf28      0x2b4
                0x0800cf28                        . = ALIGN (0x4)
 *(.rodata)
 .rodata        0x0800cf28       0x12 ./Core/Src/main.o
 *fill*         0x0800cf3a        0x2 
 .rodata        0x0800cf3c        0x6 ./manager/at_commands_ST87M01.o
 *fill*         0x0800cf42        0x2 
 .rodata        0x0800cf44      0x216 ./manager/managers_behavior/nb_iot_behavior.o
 *(.rodata*)
 *fill*         0x0800d15a        0x2 
 .rodata.D1CorePrescTable
                0x0800d15c       0x10 ./Common/Src/system_stm32h7xx_dualcore_boot_cm4_cm7.o
                0x0800d15c                D1CorePrescTable
 .rodata.UARTPrescTable
                0x0800d16c       0x18 ./Drivers/STM32H7xx_HAL_Driver/stm32h7xx_hal_uart.o
                0x0800d16c                UARTPrescTable
 .rodata.numerator.1
                0x0800d184        0x8 ./Drivers/STM32H7xx_HAL_Driver/stm32h7xx_hal_uart_ex.o
 .rodata.denominator.0
                0x0800d18c        0x8 ./Drivers/STM32H7xx_HAL_Driver/stm32h7xx_hal_uart_ex.o
 .rodata.SD_Driver
                0x0800d194       0x14 ./FATFS/Target/sd_diskio.o
                0x0800d194                SD_Driver
 .rodata._svfprintf_r.str1.1
                0x0800d1a8       0x33 /opt/st/stm32cubeide_1.18.0/plugins/com.st.stm32cube.ide.mcu.externaltools.gnu-tools-for-stm32.13.3.rel1.linux64_1.0.0.202410170706/tools/bin/../lib/gcc/arm-none-eabi/13.3.1/../../../../arm-none-eabi/lib/thumb/v7e-m+dp/hard/libc_nano.a(libc_a-nano-svfprintf.o)
                                 0x11 (size before relaxing)
 .rodata._printf_i.str1.1
                0x0800d1db       0x22 /opt/st/stm32cubeide_1.18.0/plugins/com.st.stm32cube.ide.mcu.externaltools.gnu-tools-for-stm32.13.3.rel1.linux64_1.0.0.202410170706/tools/bin/../lib/gcc/arm-none-eabi/13.3.1/../../../../arm-none-eabi/lib/thumb/v7e-m+dp/hard/libc_nano.a(libc_a-nano-vfprintf_i.o)
                0x0800d200                        . = ALIGN (0x4)
 *fill*         0x0800d1db        0x1 

.ARM.extab      0x0800d1dc        0x0
                0x0800d1dc                        . = ALIGN (0x4)
 *(.ARM.extab* .gnu.linkonce.armextab.*)
                0x0800d1dc                        . = ALIGN (0x4)

.ARM            0x0800d1dc        0x8
                0x0800d1dc                        . = ALIGN (0x4)
                0x0800d1dc                        __exidx_start = .
 *(.ARM.exidx*)
 .ARM.exidx     0x0800d1dc        0x8 /opt/st/stm32cubeide_1.18.0/plugins/com.st.stm32cube.ide.mcu.externaltools.gnu-tools-for-stm32.13.3.rel1.linux64_1.0.0.202410170706/tools/bin/../lib/gcc/arm-none-eabi/13.3.1/../../../../arm-none-eabi/lib/thumb/v7e-m+dp/hard/libc_nano.a(libc_a-strlen.o)
 .ARM.exidx     0x0800d1e4        0x0 /opt/st/stm32cubeide_1.18.0/plugins/com.st.stm32cube.ide.mcu.externaltools.gnu-tools-for-stm32.13.3.rel1.linux64_1.0.0.202410170706/tools/bin/../lib/gcc/arm-none-eabi/13.3.1/../../../../arm-none-eabi/lib/thumb/v7e-m+dp/hard/libc_nano.a(libc_a-memchr.o)
                                  0x8 (size before relaxing)
 .ARM.exidx     0x0800d1e4        0x0 /opt/st/stm32cubeide_1.18.0/plugins/com.st.stm32cube.ide.mcu.externaltools.gnu-tools-for-stm32.13.3.rel1.linux64_1.0.0.202410170706/tools/bin/../lib/gcc/arm-none-eabi/13.3.1/thumb/v7e-m+dp/hard/libgcc.a(_udivmoddi4.o)
                                  0x8 (size before relaxing)
                0x0800d1e4                        __exidx_end = .
                0x0800d1e4                        . = ALIGN (0x4)

.preinit_array  0x0800d1e4        0x0
                0x0800d1e4                        . = ALIGN (0x4)
                0x0800d1e4                        PROVIDE (__preinit_array_start = .)
 *(.preinit_array*)
                0x0800d1e4                        PROVIDE (__preinit_array_end = .)
                0x0800d1e4                        . = ALIGN (0x4)

.init_array     0x0800d1e4        0x4
                0x0800d1e4                        . = ALIGN (0x4)
                0x0800d1e4                        PROVIDE (__init_array_start = .)
 *(SORT_BY_NAME(.init_array.*))
 *(.init_array*)
 .init_array    0x0800d1e4        0x4 /opt/st/stm32cubeide_1.18.0/plugins/com.st.stm32cube.ide.mcu.externaltools.gnu-tools-for-stm32.13.3.rel1.linux64_1.0.0.202410170706/tools/bin/../lib/gcc/arm-none-eabi/13.3.1/thumb/v7e-m+dp/hard/crtbegin.o
                0x0800d1e8                        PROVIDE (__init_array_end = .)
                0x0800d1e8                        . = ALIGN (0x4)

.fini_array     0x0800d1e8        0x4
                0x0800d1e8                        . = ALIGN (0x4)
                [!provide]                        PROVIDE (__fini_array_start = .)
 *(SORT_BY_NAME(.fini_array.*))
 *(.fini_array*)
 .fini_array    0x0800d1e8        0x4 /opt/st/stm32cubeide_1.18.0/plugins/com.st.stm32cube.ide.mcu.externaltools.gnu-tools-for-stm32.13.3.rel1.linux64_1.0.0.202410170706/tools/bin/../lib/gcc/arm-none-eabi/13.3.1/thumb/v7e-m+dp/hard/crtbegin.o
                [!provide]                        PROVIDE (__fini_array_end = .)
                0x0800d1ec                        . = ALIGN (0x4)
                0x0800d1ec                        _sidata = LOADADDR (.data)

.rel.dyn        0x0800d1ec        0x0
 .rel.iplt      0x0800d1ec        0x0 /opt/st/stm32cubeide_1.18.0/plugins/com.st.stm32cube.ide.mcu.externaltools.gnu-tools-for-stm32.13.3.rel1.linux64_1.0.0.202410170706/tools/bin/../lib/gcc/arm-none-eabi/13.3.1/thumb/v7e-m+dp/hard/crtbegin.o

.data           0x24000000       0x60 load address 0x0800d1ec
                0x24000000                        . = ALIGN (0x4)
                0x24000000                        _sdata = .
 *(.data)
 *(.data*)
 .data.SystemCoreClock
                0x24000000        0x4 ./Common/Src/system_stm32h7xx_dualcore_boot_cm4_cm7.o
                0x24000000                SystemCoreClock
 .data.SystemD2Clock
                0x24000004        0x4 ./Common/Src/system_stm32h7xx_dualcore_boot_cm4_cm7.o
                0x24000004                SystemD2Clock
 .data.uwTickPrio
                0x24000008        0x4 ./Drivers/STM32H7xx_HAL_Driver/stm32h7xx_hal.o
                0x24000008                uwTickPrio
 .data.uwTickFreq
                0x2400000c        0x1 ./Drivers/STM32H7xx_HAL_Driver/stm32h7xx_hal.o
                0x2400000c                uwTickFreq
 .data.Stat     0x2400000d        0x1 ./FATFS/Target/sd_diskio.o
 *fill*         0x2400000e        0x2 
 .data._impure_ptr
                0x24000010        0x4 /opt/st/stm32cubeide_1.18.0/plugins/com.st.stm32cube.ide.mcu.externaltools.gnu-tools-for-stm32.13.3.rel1.linux64_1.0.0.202410170706/tools/bin/../lib/gcc/arm-none-eabi/13.3.1/../../../../arm-none-eabi/lib/thumb/v7e-m+dp/hard/libc_nano.a(libc_a-impure.o)
                0x24000010                _impure_ptr
 .data._impure_data
                0x24000014       0x4c /opt/st/stm32cubeide_1.18.0/plugins/com.st.stm32cube.ide.mcu.externaltools.gnu-tools-for-stm32.13.3.rel1.linux64_1.0.0.202410170706/tools/bin/../lib/gcc/arm-none-eabi/13.3.1/../../../../arm-none-eabi/lib/thumb/v7e-m+dp/hard/libc_nano.a(libc_a-impure.o)
                0x24000014                _impure_data
 *(.RamFunc)
 *(.RamFunc*)
                0x24000060                        . = ALIGN (0x4)
                0x24000060                        _edata = .

.igot.plt       0x24000060        0x0 load address 0x0800d24c
 .igot.plt      0x24000060        0x0 /opt/st/stm32cubeide_1.18.0/plugins/com.st.stm32cube.ide.mcu.externaltools.gnu-tools-for-stm32.13.3.rel1.linux64_1.0.0.202410170706/tools/bin/../lib/gcc/arm-none-eabi/13.3.1/thumb/v7e-m+dp/hard/crtbegin.o
                0x24000060                        . = ALIGN (0x4)

.bss            0x24000060      0x468 load address 0x0800d24c
                0x24000060                        _sbss = .
                0x24000060                        __bss_start__ = _sbss
 *(.bss)
 .bss           0x24000060       0x1c /opt/st/stm32cubeide_1.18.0/plugins/com.st.stm32cube.ide.mcu.externaltools.gnu-tools-for-stm32.13.3.rel1.linux64_1.0.0.202410170706/tools/bin/../lib/gcc/arm-none-eabi/13.3.1/thumb/v7e-m+dp/hard/crtbegin.o
 *(.bss*)
 .bss.hadc1     0x2400007c       0x64 ./Core/Src/adc.o
                0x2400007c                hadc1
 .bss.hi2c1     0x240000e0       0x54 ./Core/Src/i2c.o
                0x240000e0                hi2c1
 .bss.hsd1      0x24000134       0x7c ./Core/Src/sdmmc.o
                0x24000134                hsd1
 .bss.extended_tick
                0x240001b0        0x8 ./Core/Src/stm32h7xx_it.o
                0x240001b0                extended_tick
 .bss.__sbrk_heap_end
                0x240001b8        0x4 ./Core/Src/sysmem.o
 .bss.huart1    0x240001bc       0x94 ./Core/Src/usart.o
                0x240001bc                huart1
 .bss.huart3    0x24000250       0x94 ./Core/Src/usart.o
                0x24000250                huart3
 .bss.uwTick    0x240002e4        0x4 ./Drivers/STM32H7xx_HAL_Driver/stm32h7xx_hal.o
                0x240002e4                uwTick
 .bss.retSD     0x240002e8        0x1 ./FATFS/App/fatfs.o
                0x240002e8                retSD
 *fill*         0x240002e9        0x3 
 .bss.SDPath    0x240002ec        0x4 ./FATFS/App/fatfs.o
                0x240002ec                SDPath
 .bss.disk      0x240002f0        0xc ./Middlewares/Third_Party/FatFs/ff_gen_drv.o
                0x240002f0                disk
 .bss.return_msg_buffer
                0x240002fc       0x60 ./manager/at_commands_ST87M01.o
                0x240002fc                return_msg_buffer
 *fill*         0x2400035c        0x4 
 .bss.current_time
                0x24000360        0x8 ./manager/manager.o
                0x24000360                current_time
 .bss.prev_imu_timer
                0x24000368        0x8 ./manager/manager.o
                0x24000368                prev_imu_timer
 .bss.prev_temperature_timer
                0x24000370        0x8 ./manager/manager.o
                0x24000370                prev_temperature_timer
 .bss.prev_send_timer
                0x24000378        0x8 ./manager/manager.o
                0x24000378                prev_send_timer
 .bss.__sf      0x24000380      0x138 /opt/st/stm32cubeide_1.18.0/plugins/com.st.stm32cube.ide.mcu.externaltools.gnu-tools-for-stm32.13.3.rel1.linux64_1.0.0.202410170706/tools/bin/../lib/gcc/arm-none-eabi/13.3.1/../../../../arm-none-eabi/lib/thumb/v7e-m+dp/hard/libc_nano.a(libc_a-findfp.o)
                0x24000380                __sf
 .bss.errno     0x240004b8        0x4 /opt/st/stm32cubeide_1.18.0/plugins/com.st.stm32cube.ide.mcu.externaltools.gnu-tools-for-stm32.13.3.rel1.linux64_1.0.0.202410170706/tools/bin/../lib/gcc/arm-none-eabi/13.3.1/../../../../arm-none-eabi/lib/thumb/v7e-m+dp/hard/libc_nano.a(libc_a-reent.o)
                0x240004b8                errno
 .bss.__lock___malloc_recursive_mutex
                0x240004bc        0x1 /opt/st/stm32cubeide_1.18.0/plugins/com.st.stm32cube.ide.mcu.externaltools.gnu-tools-for-stm32.13.3.rel1.linux64_1.0.0.202410170706/tools/bin/../lib/gcc/arm-none-eabi/13.3.1/../../../../arm-none-eabi/lib/thumb/v7e-m+dp/hard/libc_nano.a(libc_a-lock.o)
                0x240004bc                __lock___malloc_recursive_mutex
 *fill*         0x240004bd        0x3 
 .bss.__malloc_sbrk_start
                0x240004c0        0x4 /opt/st/stm32cubeide_1.18.0/plugins/com.st.stm32cube.ide.mcu.externaltools.gnu-tools-for-stm32.13.3.rel1.linux64_1.0.0.202410170706/tools/bin/../lib/gcc/arm-none-eabi/13.3.1/../../../../arm-none-eabi/lib/thumb/v7e-m+dp/hard/libc_nano.a(libc_a-mallocr.o)
                0x240004c0                __malloc_sbrk_start
 .bss.__malloc_free_list
                0x240004c4        0x4 /opt/st/stm32cubeide_1.18.0/plugins/com.st.stm32cube.ide.mcu.externaltools.gnu-tools-for-stm32.13.3.rel1.linux64_1.0.0.202410170706/tools/bin/../lib/gcc/arm-none-eabi/13.3.1/../../../../arm-none-eabi/lib/thumb/v7e-m+dp/hard/libc_nano.a(libc_a-mallocr.o)
                0x240004c4                __malloc_free_list
 *(COMMON)
                0x240004c8                        . = ALIGN (0x4)
                0x240004c8                        _ebss = .
                0x240004c8                        __bss_end__ = _ebss

._user_heap_stack
                0x240004c8      0x600 load address 0x0800d24c
                0x240004c8                        . = ALIGN (0x8)
                [!provide]                        PROVIDE (end = .)
                0x240004c8                        PROVIDE (_end = .)
                0x240006c8                        . = (. + _Min_Heap_Size)
 *fill*         0x240004c8      0x200 
                0x24000ac8                        . = (. + _Min_Stack_Size)
 *fill*         0x240006c8      0x400 
                0x24000ac8                        . = ALIGN (0x8)

/DISCARD/
 libc.a(*)
 libm.a(*)
 libgcc.a(*)

.ARM.attributes
                0x00000000       0x2e
 *(.ARM.attributes)
 .ARM.attributes
                0x00000000       0x20 /opt/st/stm32cubeide_1.18.0/plugins/com.st.stm32cube.ide.mcu.externaltools.gnu-tools-for-stm32.13.3.rel1.linux64_1.0.0.202410170706/tools/bin/../lib/gcc/arm-none-eabi/13.3.1/thumb/v7e-m+dp/hard/crti.o
 .ARM.attributes
                0x00000020       0x32 /opt/st/stm32cubeide_1.18.0/plugins/com.st.stm32cube.ide.mcu.externaltools.gnu-tools-for-stm32.13.3.rel1.linux64_1.0.0.202410170706/tools/bin/../lib/gcc/arm-none-eabi/13.3.1/thumb/v7e-m+dp/hard/crtbegin.o
 .ARM.attributes
                0x00000052       0x32 ./Common/Src/system_stm32h7xx_dualcore_boot_cm4_cm7.o
 .ARM.attributes
                0x00000084       0x32 ./Core/Src/adc.o
 .ARM.attributes
                0x000000b6       0x32 ./Core/Src/gpio.o
 .ARM.attributes
                0x000000e8       0x32 ./Core/Src/i2c.o
 .ARM.attributes
                0x0000011a       0x32 ./Core/Src/main.o
 .ARM.attributes
                0x0000014c       0x32 ./Core/Src/sdmmc.o
 .ARM.attributes
                0x0000017e       0x32 ./Core/Src/stm32h7xx_hal_msp.o
 .ARM.attributes
                0x000001b0       0x32 ./Core/Src/stm32h7xx_it.o
 .ARM.attributes
                0x000001e2       0x32 ./Core/Src/sysmem.o
 .ARM.attributes
                0x00000214       0x32 ./Core/Src/usart.o
 .ARM.attributes
                0x00000246       0x21 ./Core/Startup/startup_stm32h755zitx.o
 .ARM.attributes
                0x00000267       0x32 ./Drivers/STM32H7xx_HAL_Driver/stm32h7xx_hal.o
 .ARM.attributes
                0x00000299       0x32 ./Drivers/STM32H7xx_HAL_Driver/stm32h7xx_hal_adc.o
 .ARM.attributes
                0x000002cb       0x32 ./Drivers/STM32H7xx_HAL_Driver/stm32h7xx_hal_adc_ex.o
 .ARM.attributes
                0x000002fd       0x32 ./Drivers/STM32H7xx_HAL_Driver/stm32h7xx_hal_cortex.o
 .ARM.attributes
                0x0000032f       0x32 ./Drivers/STM32H7xx_HAL_Driver/stm32h7xx_hal_dma.o
 .ARM.attributes
                0x00000361       0x32 ./Drivers/STM32H7xx_HAL_Driver/stm32h7xx_hal_gpio.o
 .ARM.attributes
                0x00000393       0x32 ./Drivers/STM32H7xx_HAL_Driver/stm32h7xx_hal_hsem.o
 .ARM.attributes
                0x000003c5       0x32 ./Drivers/STM32H7xx_HAL_Driver/stm32h7xx_hal_i2c.o
 .ARM.attributes
                0x000003f7       0x32 ./Drivers/STM32H7xx_HAL_Driver/stm32h7xx_hal_i2c_ex.o
 .ARM.attributes
                0x00000429       0x32 ./Drivers/STM32H7xx_HAL_Driver/stm32h7xx_hal_pwr_ex.o
 .ARM.attributes
                0x0000045b       0x32 ./Drivers/STM32H7xx_HAL_Driver/stm32h7xx_hal_rcc.o
 .ARM.attributes
                0x0000048d       0x32 ./Drivers/STM32H7xx_HAL_Driver/stm32h7xx_hal_rcc_ex.o
 .ARM.attributes
                0x000004bf       0x32 ./Drivers/STM32H7xx_HAL_Driver/stm32h7xx_hal_sd.o
 .ARM.attributes
                0x000004f1       0x32 ./Drivers/STM32H7xx_HAL_Driver/stm32h7xx_hal_uart.o
 .ARM.attributes
                0x00000523       0x32 ./Drivers/STM32H7xx_HAL_Driver/stm32h7xx_hal_uart_ex.o
 .ARM.attributes
                0x00000555       0x32 ./Drivers/STM32H7xx_HAL_Driver/stm32h7xx_ll_sdmmc.o
 .ARM.attributes
                0x00000587       0x32 ./FATFS/App/fatfs.o
 .ARM.attributes
                0x000005b9       0x32 ./FATFS/Target/bsp_driver_sd.o
 .ARM.attributes
                0x000005eb       0x32 ./FATFS/Target/sd_diskio.o
 .ARM.attributes
                0x0000061d       0x32 ./Middlewares/Third_Party/FatFs/ff_gen_drv.o
 .ARM.attributes
                0x0000064f       0x32 ./manager/at_commands_ST87M01.o
 .ARM.attributes
                0x00000681       0x32 ./manager/manager.o
 .ARM.attributes
                0x000006b3       0x32 ./manager/managers_behavior/nb_iot_behavior.o
 .ARM.attributes
                0x000006e5       0x32 /opt/st/stm32cubeide_1.18.0/plugins/com.st.stm32cube.ide.mcu.externaltools.gnu-tools-for-stm32.13.3.rel1.linux64_1.0.0.202410170706/tools/bin/../lib/gcc/arm-none-eabi/13.3.1/../../../../arm-none-eabi/lib/thumb/v7e-m+dp/hard/libc_nano.a(libc_a-findfp.o)
 .ARM.attributes
                0x00000717       0x32 /opt/st/stm32cubeide_1.18.0/plugins/com.st.stm32cube.ide.mcu.externaltools.gnu-tools-for-stm32.13.3.rel1.linux64_1.0.0.202410170706/tools/bin/../lib/gcc/arm-none-eabi/13.3.1/../../../../arm-none-eabi/lib/thumb/v7e-m+dp/hard/libc_nano.a(libc_a-sprintf.o)
 .ARM.attributes
                0x00000749       0x32 /opt/st/stm32cubeide_1.18.0/plugins/com.st.stm32cube.ide.mcu.externaltools.gnu-tools-for-stm32.13.3.rel1.linux64_1.0.0.202410170706/tools/bin/../lib/gcc/arm-none-eabi/13.3.1/../../../../arm-none-eabi/lib/thumb/v7e-m+dp/hard/libc_nano.a(libc_a-memset.o)
 .ARM.attributes
                0x0000077b       0x32 /opt/st/stm32cubeide_1.18.0/plugins/com.st.stm32cube.ide.mcu.externaltools.gnu-tools-for-stm32.13.3.rel1.linux64_1.0.0.202410170706/tools/bin/../lib/gcc/arm-none-eabi/13.3.1/../../../../arm-none-eabi/lib/thumb/v7e-m+dp/hard/libc_nano.a(libc_a-strstr.o)
 .ARM.attributes
                0x000007ad       0x32 /opt/st/stm32cubeide_1.18.0/plugins/com.st.stm32cube.ide.mcu.externaltools.gnu-tools-for-stm32.13.3.rel1.linux64_1.0.0.202410170706/tools/bin/../lib/gcc/arm-none-eabi/13.3.1/../../../../arm-none-eabi/lib/thumb/v7e-m+dp/hard/libc_nano.a(libc_a-reent.o)
 .ARM.attributes
                0x000007df       0x32 /opt/st/stm32cubeide_1.18.0/plugins/com.st.stm32cube.ide.mcu.externaltools.gnu-tools-for-stm32.13.3.rel1.linux64_1.0.0.202410170706/tools/bin/../lib/gcc/arm-none-eabi/13.3.1/../../../../arm-none-eabi/lib/thumb/v7e-m+dp/hard/libc_nano.a(libc_a-impure.o)
 .ARM.attributes
                0x00000811       0x32 /opt/st/stm32cubeide_1.18.0/plugins/com.st.stm32cube.ide.mcu.externaltools.gnu-tools-for-stm32.13.3.rel1.linux64_1.0.0.202410170706/tools/bin/../lib/gcc/arm-none-eabi/13.3.1/../../../../arm-none-eabi/lib/thumb/v7e-m+dp/hard/libc_nano.a(libc_a-errno.o)
 .ARM.attributes
                0x00000843       0x32 /opt/st/stm32cubeide_1.18.0/plugins/com.st.stm32cube.ide.mcu.externaltools.gnu-tools-for-stm32.13.3.rel1.linux64_1.0.0.202410170706/tools/bin/../lib/gcc/arm-none-eabi/13.3.1/../../../../arm-none-eabi/lib/thumb/v7e-m+dp/hard/libc_nano.a(libc_a-init.o)
 .ARM.attributes
                0x00000875       0x32 /opt/st/stm32cubeide_1.18.0/plugins/com.st.stm32cube.ide.mcu.externaltools.gnu-tools-for-stm32.13.3.rel1.linux64_1.0.0.202410170706/tools/bin/../lib/gcc/arm-none-eabi/13.3.1/../../../../arm-none-eabi/lib/thumb/v7e-m+dp/hard/libc_nano.a(libc_a-lock.o)
 .ARM.attributes
                0x000008a7       0x17 /opt/st/stm32cubeide_1.18.0/plugins/com.st.stm32cube.ide.mcu.externaltools.gnu-tools-for-stm32.13.3.rel1.linux64_1.0.0.202410170706/tools/bin/../lib/gcc/arm-none-eabi/13.3.1/../../../../arm-none-eabi/lib/thumb/v7e-m+dp/hard/libc_nano.a(libc_a-strlen.o)
 .ARM.attributes
                0x000008be       0x32 /opt/st/stm32cubeide_1.18.0/plugins/com.st.stm32cube.ide.mcu.externaltools.gnu-tools-for-stm32.13.3.rel1.linux64_1.0.0.202410170706/tools/bin/../lib/gcc/arm-none-eabi/13.3.1/../../../../arm-none-eabi/lib/thumb/v7e-m+dp/hard/libc_nano.a(libc_a-freer.o)
 .ARM.attributes
                0x000008f0       0x32 /opt/st/stm32cubeide_1.18.0/plugins/com.st.stm32cube.ide.mcu.externaltools.gnu-tools-for-stm32.13.3.rel1.linux64_1.0.0.202410170706/tools/bin/../lib/gcc/arm-none-eabi/13.3.1/../../../../arm-none-eabi/lib/thumb/v7e-m+dp/hard/libc_nano.a(libc_a-mallocr.o)
 .ARM.attributes
                0x00000922       0x32 /opt/st/stm32cubeide_1.18.0/plugins/com.st.stm32cube.ide.mcu.externaltools.gnu-tools-for-stm32.13.3.rel1.linux64_1.0.0.202410170706/tools/bin/../lib/gcc/arm-none-eabi/13.3.1/../../../../arm-none-eabi/lib/thumb/v7e-m+dp/hard/libc_nano.a(libc_a-mlock.o)
 .ARM.attributes
                0x00000954       0x32 /opt/st/stm32cubeide_1.18.0/plugins/com.st.stm32cube.ide.mcu.externaltools.gnu-tools-for-stm32.13.3.rel1.linux64_1.0.0.202410170706/tools/bin/../lib/gcc/arm-none-eabi/13.3.1/../../../../arm-none-eabi/lib/thumb/v7e-m+dp/hard/libc_nano.a(libc_a-nano-svfprintf.o)
 .ARM.attributes
                0x00000986       0x32 /opt/st/stm32cubeide_1.18.0/plugins/com.st.stm32cube.ide.mcu.externaltools.gnu-tools-for-stm32.13.3.rel1.linux64_1.0.0.202410170706/tools/bin/../lib/gcc/arm-none-eabi/13.3.1/../../../../arm-none-eabi/lib/thumb/v7e-m+dp/hard/libc_nano.a(libc_a-nano-vfprintf_i.o)
 .ARM.attributes
                0x000009b8       0x32 /opt/st/stm32cubeide_1.18.0/plugins/com.st.stm32cube.ide.mcu.externaltools.gnu-tools-for-stm32.13.3.rel1.linux64_1.0.0.202410170706/tools/bin/../lib/gcc/arm-none-eabi/13.3.1/../../../../arm-none-eabi/lib/thumb/v7e-m+dp/hard/libc_nano.a(libc_a-memmove.o)
 .ARM.attributes
                0x000009ea       0x32 /opt/st/stm32cubeide_1.18.0/plugins/com.st.stm32cube.ide.mcu.externaltools.gnu-tools-for-stm32.13.3.rel1.linux64_1.0.0.202410170706/tools/bin/../lib/gcc/arm-none-eabi/13.3.1/../../../../arm-none-eabi/lib/thumb/v7e-m+dp/hard/libc_nano.a(libc_a-sbrkr.o)
 .ARM.attributes
                0x00000a1c       0x1c /opt/st/stm32cubeide_1.18.0/plugins/com.st.stm32cube.ide.mcu.externaltools.gnu-tools-for-stm32.13.3.rel1.linux64_1.0.0.202410170706/tools/bin/../lib/gcc/arm-none-eabi/13.3.1/../../../../arm-none-eabi/lib/thumb/v7e-m+dp/hard/libc_nano.a(libc_a-memchr.o)
 .ARM.attributes
                0x00000a38       0x32 /opt/st/stm32cubeide_1.18.0/plugins/com.st.stm32cube.ide.mcu.externaltools.gnu-tools-for-stm32.13.3.rel1.linux64_1.0.0.202410170706/tools/bin/../lib/gcc/arm-none-eabi/13.3.1/../../../../arm-none-eabi/lib/thumb/v7e-m+dp/hard/libc_nano.a(libc_a-memcpy-stub.o)
 .ARM.attributes
                0x00000a6a       0x32 /opt/st/stm32cubeide_1.18.0/plugins/com.st.stm32cube.ide.mcu.externaltools.gnu-tools-for-stm32.13.3.rel1.linux64_1.0.0.202410170706/tools/bin/../lib/gcc/arm-none-eabi/13.3.1/../../../../arm-none-eabi/lib/thumb/v7e-m+dp/hard/libc_nano.a(libc_a-reallocr.o)
 .ARM.attributes
                0x00000a9c       0x32 /opt/st/stm32cubeide_1.18.0/plugins/com.st.stm32cube.ide.mcu.externaltools.gnu-tools-for-stm32.13.3.rel1.linux64_1.0.0.202410170706/tools/bin/../lib/gcc/arm-none-eabi/13.3.1/../../../../arm-none-eabi/lib/thumb/v7e-m+dp/hard/libc_nano.a(libc_a-msizer.o)
 .ARM.attributes
                0x00000ace       0x20 /opt/st/stm32cubeide_1.18.0/plugins/com.st.stm32cube.ide.mcu.externaltools.gnu-tools-for-stm32.13.3.rel1.linux64_1.0.0.202410170706/tools/bin/../lib/gcc/arm-none-eabi/13.3.1/thumb/v7e-m+dp/hard/libgcc.a(_aeabi_uldivmod.o)
 .ARM.attributes
                0x00000aee       0x32 /opt/st/stm32cubeide_1.18.0/plugins/com.st.stm32cube.ide.mcu.externaltools.gnu-tools-for-stm32.13.3.rel1.linux64_1.0.0.202410170706/tools/bin/../lib/gcc/arm-none-eabi/13.3.1/thumb/v7e-m+dp/hard/libgcc.a(_udivmoddi4.o)
 .ARM.attributes
                0x00000b20       0x20 /opt/st/stm32cubeide_1.18.0/plugins/com.st.stm32cube.ide.mcu.externaltools.gnu-tools-for-stm32.13.3.rel1.linux64_1.0.0.202410170706/tools/bin/../lib/gcc/arm-none-eabi/13.3.1/thumb/v7e-m+dp/hard/libgcc.a(_dvmd_tls.o)
 .ARM.attributes
                0x00000b40       0x20 /opt/st/stm32cubeide_1.18.0/plugins/com.st.stm32cube.ide.mcu.externaltools.gnu-tools-for-stm32.13.3.rel1.linux64_1.0.0.202410170706/tools/bin/../lib/gcc/arm-none-eabi/13.3.1/thumb/v7e-m+dp/hard/crtn.o
OUTPUT(9s_CM7.elf elf32-littlearm)
LOAD linker stubs
LOAD /opt/st/stm32cubeide_1.18.0/plugins/com.st.stm32cube.ide.mcu.externaltools.gnu-tools-for-stm32.13.3.rel1.linux64_1.0.0.202410170706/tools/bin/../lib/gcc/arm-none-eabi/13.3.1/../../../../arm-none-eabi/lib/thumb/v7e-m+dp/hard/libc.a
LOAD /opt/st/stm32cubeide_1.18.0/plugins/com.st.stm32cube.ide.mcu.externaltools.gnu-tools-for-stm32.13.3.rel1.linux64_1.0.0.202410170706/tools/bin/../lib/gcc/arm-none-eabi/13.3.1/../../../../arm-none-eabi/lib/thumb/v7e-m+dp/hard/libm.a
LOAD /opt/st/stm32cubeide_1.18.0/plugins/com.st.stm32cube.ide.mcu.externaltools.gnu-tools-for-stm32.13.3.rel1.linux64_1.0.0.202410170706/tools/bin/../lib/gcc/arm-none-eabi/13.3.1/thumb/v7e-m+dp/hard/libgcc.a

.debug_info     0x00000000    0x221c3
 .debug_info    0x00000000      0xe73 ./Common/Src/system_stm32h7xx_dualcore_boot_cm4_cm7.o
 .debug_info    0x00000e73     0x1258 ./Core/Src/adc.o
 .debug_info    0x000020cb      0x608 ./Core/Src/gpio.o
 .debug_info    0x000026d3     0x13fa ./Core/Src/i2c.o
 .debug_info    0x00003acd     0x1181 ./Core/Src/main.o
 .debug_info    0x00004c4e     0x11d5 ./Core/Src/sdmmc.o
 .debug_info    0x00005e23      0x464 ./Core/Src/stm32h7xx_hal_msp.o
 .debug_info    0x00006287      0xf91 ./Core/Src/stm32h7xx_it.o
 .debug_info    0x00007218      0x168 ./Core/Src/sysmem.o
 .debug_info    0x00007380     0x150e ./Core/Src/usart.o
 .debug_info    0x0000888e       0x30 ./Core/Startup/startup_stm32h755zitx.o
 .debug_info    0x000088be     0x177a ./Drivers/STM32H7xx_HAL_Driver/stm32h7xx_hal.o
 .debug_info    0x0000a038     0x1da7 ./Drivers/STM32H7xx_HAL_Driver/stm32h7xx_hal_adc.o
 .debug_info    0x0000bddf     0x1ec8 ./Drivers/STM32H7xx_HAL_Driver/stm32h7xx_hal_adc_ex.o
 .debug_info    0x0000dca7     0x10d5 ./Drivers/STM32H7xx_HAL_Driver/stm32h7xx_hal_cortex.o
 .debug_info    0x0000ed7c      0xc43 ./Drivers/STM32H7xx_HAL_Driver/stm32h7xx_hal_dma.o
 .debug_info    0x0000f9bf      0xd06 ./Drivers/STM32H7xx_HAL_Driver/stm32h7xx_hal_gpio.o
 .debug_info    0x000106c5      0x3d3 ./Drivers/STM32H7xx_HAL_Driver/stm32h7xx_hal_hsem.o
 .debug_info    0x00010a98     0x22c9 ./Drivers/STM32H7xx_HAL_Driver/stm32h7xx_hal_i2c.o
 .debug_info    0x00012d61      0xd84 ./Drivers/STM32H7xx_HAL_Driver/stm32h7xx_hal_i2c_ex.o
 .debug_info    0x00013ae5     0x1225 ./Drivers/STM32H7xx_HAL_Driver/stm32h7xx_hal_pwr_ex.o
 .debug_info    0x00014d0a      0xe67 ./Drivers/STM32H7xx_HAL_Driver/stm32h7xx_hal_rcc.o
 .debug_info    0x00015b71     0x1303 ./Drivers/STM32H7xx_HAL_Driver/stm32h7xx_hal_rcc_ex.o
 .debug_info    0x00016e74     0x1a93 ./Drivers/STM32H7xx_HAL_Driver/stm32h7xx_hal_sd.o
 .debug_info    0x00018907     0x4b1d ./Drivers/STM32H7xx_HAL_Driver/stm32h7xx_hal_uart.o
 .debug_info    0x0001d424      0xfbf ./Drivers/STM32H7xx_HAL_Driver/stm32h7xx_hal_uart_ex.o
 .debug_info    0x0001e3e3     0x142c ./Drivers/STM32H7xx_HAL_Driver/stm32h7xx_ll_sdmmc.o
 .debug_info    0x0001f80f      0x4ff ./FATFS/App/fatfs.o
 .debug_info    0x0001fd0e      0x8c3 ./FATFS/Target/bsp_driver_sd.o
 .debug_info    0x000205d1      0x4d3 ./FATFS/Target/sd_diskio.o
 .debug_info    0x00020aa4      0x3a5 ./Middlewares/Third_Party/FatFs/ff_gen_drv.o
 .debug_info    0x00020e49      0x9a8 ./manager/at_commands_ST87M01.o
 .debug_info    0x000217f1      0x13a ./manager/manager.o
 .debug_info    0x0002192b      0x898 ./manager/managers_behavior/nb_iot_behavior.o

.debug_abbrev   0x00000000     0x454a
 .debug_abbrev  0x00000000      0x165 ./Common/Src/system_stm32h7xx_dualcore_boot_cm4_cm7.o
 .debug_abbrev  0x00000165      0x225 ./Core/Src/adc.o
 .debug_abbrev  0x0000038a      0x158 ./Core/Src/gpio.o
 .debug_abbrev  0x000004e2      0x253 ./Core/Src/i2c.o
 .debug_abbrev  0x00000735      0x258 ./Core/Src/main.o
 .debug_abbrev  0x0000098d      0x20e ./Core/Src/sdmmc.o
 .debug_abbrev  0x00000b9b       0xdb ./Core/Src/stm32h7xx_hal_msp.o
 .debug_abbrev  0x00000c76      0x1d4 ./Core/Src/stm32h7xx_it.o
 .debug_abbrev  0x00000e4a       0xbc ./Core/Src/sysmem.o
 .debug_abbrev  0x00000f06      0x24e ./Core/Src/usart.o
 .debug_abbrev  0x00001154       0x24 ./Core/Startup/startup_stm32h755zitx.o
 .debug_abbrev  0x00001178      0x295 ./Drivers/STM32H7xx_HAL_Driver/stm32h7xx_hal.o
 .debug_abbrev  0x0000140d      0x2be ./Drivers/STM32H7xx_HAL_Driver/stm32h7xx_hal_adc.o
 .debug_abbrev  0x000016cb      0x307 ./Drivers/STM32H7xx_HAL_Driver/stm32h7xx_hal_adc_ex.o
 .debug_abbrev  0x000019d2      0x339 ./Drivers/STM32H7xx_HAL_Driver/stm32h7xx_hal_cortex.o
 .debug_abbrev  0x00001d0b      0x248 ./Drivers/STM32H7xx_HAL_Driver/stm32h7xx_hal_dma.o
 .debug_abbrev  0x00001f53      0x205 ./Drivers/STM32H7xx_HAL_Driver/stm32h7xx_hal_gpio.o
 .debug_abbrev  0x00002158      0x1d3 ./Drivers/STM32H7xx_HAL_Driver/stm32h7xx_hal_hsem.o
 .debug_abbrev  0x0000232b      0x25d ./Drivers/STM32H7xx_HAL_Driver/stm32h7xx_hal_i2c.o
 .debug_abbrev  0x00002588      0x1f5 ./Drivers/STM32H7xx_HAL_Driver/stm32h7xx_hal_i2c_ex.o
 .debug_abbrev  0x0000277d      0x2d7 ./Drivers/STM32H7xx_HAL_Driver/stm32h7xx_hal_pwr_ex.o
 .debug_abbrev  0x00002a54      0x2c8 ./Drivers/STM32H7xx_HAL_Driver/stm32h7xx_hal_rcc.o
 .debug_abbrev  0x00002d1c      0x269 ./Drivers/STM32H7xx_HAL_Driver/stm32h7xx_hal_rcc_ex.o
 .debug_abbrev  0x00002f85      0x26b ./Drivers/STM32H7xx_HAL_Driver/stm32h7xx_hal_sd.o
 .debug_abbrev  0x000031f0      0x33d ./Drivers/STM32H7xx_HAL_Driver/stm32h7xx_hal_uart.o
 .debug_abbrev  0x0000352d      0x2d2 ./Drivers/STM32H7xx_HAL_Driver/stm32h7xx_hal_uart_ex.o
 .debug_abbrev  0x000037ff      0x206 ./Drivers/STM32H7xx_HAL_Driver/stm32h7xx_ll_sdmmc.o
 .debug_abbrev  0x00003a05      0x160 ./FATFS/App/fatfs.o
 .debug_abbrev  0x00003b65      0x264 ./FATFS/Target/bsp_driver_sd.o
 .debug_abbrev  0x00003dc9      0x191 ./FATFS/Target/sd_diskio.o
 .debug_abbrev  0x00003f5a      0x19f ./Middlewares/Third_Party/FatFs/ff_gen_drv.o
 .debug_abbrev  0x000040f9      0x1f3 ./manager/at_commands_ST87M01.o
 .debug_abbrev  0x000042ec       0x9a ./manager/manager.o
 .debug_abbrev  0x00004386      0x1c4 ./manager/managers_behavior/nb_iot_behavior.o

.debug_aranges  0x00000000     0x18b0
 .debug_aranges
                0x00000000       0x30 ./Common/Src/system_stm32h7xx_dualcore_boot_cm4_cm7.o
 .debug_aranges
                0x00000030       0x30 ./Core/Src/adc.o
 .debug_aranges
                0x00000060       0x20 ./Core/Src/gpio.o
 .debug_aranges
                0x00000080       0x30 ./Core/Src/i2c.o
 .debug_aranges
                0x000000b0       0x30 ./Core/Src/main.o
 .debug_aranges
                0x000000e0       0x30 ./Core/Src/sdmmc.o
 .debug_aranges
                0x00000110       0x20 ./Core/Src/stm32h7xx_hal_msp.o
 .debug_aranges
                0x00000130       0x80 ./Core/Src/stm32h7xx_it.o
 .debug_aranges
                0x000001b0       0x20 ./Core/Src/sysmem.o
 .debug_aranges
                0x000001d0       0x38 ./Core/Src/usart.o
 .debug_aranges
                0x00000208       0x28 ./Core/Startup/startup_stm32h755zitx.o
 .debug_aranges
                0x00000230      0x200 ./Drivers/STM32H7xx_HAL_Driver/stm32h7xx_hal.o
 .debug_aranges
                0x00000430      0x230 ./Drivers/STM32H7xx_HAL_Driver/stm32h7xx_hal_adc.o
 .debug_aranges
                0x00000660      0x1e0 ./Drivers/STM32H7xx_HAL_Driver/stm32h7xx_hal_adc_ex.o
 .debug_aranges
                0x00000840      0x130 ./Drivers/STM32H7xx_HAL_Driver/stm32h7xx_hal_cortex.o
 .debug_aranges
                0x00000970       0xa0 ./Drivers/STM32H7xx_HAL_Driver/stm32h7xx_hal_dma.o
 .debug_aranges
                0x00000a10       0x58 ./Drivers/STM32H7xx_HAL_Driver/stm32h7xx_hal_gpio.o
 .debug_aranges
                0x00000a68       0x70 ./Drivers/STM32H7xx_HAL_Driver/stm32h7xx_hal_hsem.o
 .debug_aranges
                0x00000ad8      0x2a0 ./Drivers/STM32H7xx_HAL_Driver/stm32h7xx_hal_i2c.o
 .debug_aranges
                0x00000d78       0x48 ./Drivers/STM32H7xx_HAL_Driver/stm32h7xx_hal_i2c_ex.o
 .debug_aranges
                0x00000dc0      0x170 ./Drivers/STM32H7xx_HAL_Driver/stm32h7xx_hal_pwr_ex.o
 .debug_aranges
                0x00000f30       0x88 ./Drivers/STM32H7xx_HAL_Driver/stm32h7xx_hal_rcc.o
 .debug_aranges
                0x00000fb8      0x100 ./Drivers/STM32H7xx_HAL_Driver/stm32h7xx_hal_rcc_ex.o
 .debug_aranges
                0x000010b8      0x170 ./Drivers/STM32H7xx_HAL_Driver/stm32h7xx_hal_sd.o
 .debug_aranges
                0x00001228      0x248 ./Drivers/STM32H7xx_HAL_Driver/stm32h7xx_hal_uart.o
 .debug_aranges
                0x00001470       0xa8 ./Drivers/STM32H7xx_HAL_Driver/stm32h7xx_hal_uart_ex.o
 .debug_aranges
                0x00001518      0x1d0 ./Drivers/STM32H7xx_HAL_Driver/stm32h7xx_ll_sdmmc.o
 .debug_aranges
                0x000016e8       0x28 ./FATFS/App/fatfs.o
 .debug_aranges
                0x00001710       0x98 ./FATFS/Target/bsp_driver_sd.o
 .debug_aranges
                0x000017a8       0x48 ./FATFS/Target/sd_diskio.o
 .debug_aranges
                0x000017f0       0x40 ./Middlewares/Third_Party/FatFs/ff_gen_drv.o
 .debug_aranges
                0x00001830       0x30 ./manager/at_commands_ST87M01.o
 .debug_aranges
                0x00001860       0x28 ./manager/manager.o
 .debug_aranges
                0x00001888       0x28 ./manager/managers_behavior/nb_iot_behavior.o

.debug_rnglists
                0x00000000     0x12ea
 .debug_rnglists
                0x00000000       0x21 ./Common/Src/system_stm32h7xx_dualcore_boot_cm4_cm7.o
 .debug_rnglists
                0x00000021       0x21 ./Core/Src/adc.o
 .debug_rnglists
                0x00000042       0x14 ./Core/Src/gpio.o
 .debug_rnglists
                0x00000056       0x21 ./Core/Src/i2c.o
 .debug_rnglists
                0x00000077       0x21 ./Core/Src/main.o
 .debug_rnglists
                0x00000098       0x20 ./Core/Src/sdmmc.o
 .debug_rnglists
                0x000000b8       0x13 ./Core/Src/stm32h7xx_hal_msp.o
 .debug_rnglists
                0x000000cb       0x5b ./Core/Src/stm32h7xx_it.o
 .debug_rnglists
                0x00000126       0x13 ./Core/Src/sysmem.o
 .debug_rnglists
                0x00000139       0x28 ./Core/Src/usart.o
 .debug_rnglists
                0x00000161       0x19 ./Core/Startup/startup_stm32h755zitx.o
 .debug_rnglists
                0x0000017a      0x180 ./Drivers/STM32H7xx_HAL_Driver/stm32h7xx_hal.o
 .debug_rnglists
                0x000002fa      0x1af ./Drivers/STM32H7xx_HAL_Driver/stm32h7xx_hal_adc.o